Archive member included to satisfy reference by file (symbol)

/usr/lib/gcc/arm-none-eabi/14.2.0/../../../../arm-none-eabi/lib/thumb/v7e-m+dp/hard/libc_nano.a(libc_a-atexit.o)
                              /usr/lib/gcc/arm-none-eabi/14.2.0/../../../../arm-none-eabi/lib/thumb/v7e-m+dp/hard/crt0.o (atexit)
/usr/lib/gcc/arm-none-eabi/14.2.0/../../../../arm-none-eabi/lib/thumb/v7e-m+dp/hard/libc_nano.a(libc_a-exit.o)
                              /usr/lib/gcc/arm-none-eabi/14.2.0/../../../../arm-none-eabi/lib/thumb/v7e-m+dp/hard/crt0.o (exit)
/usr/lib/gcc/arm-none-eabi/14.2.0/../../../../arm-none-eabi/lib/thumb/v7e-m+dp/hard/libc_nano.a(libc_a-findfp.o)
                              /usr/lib/gcc/arm-none-eabi/14.2.0/../../../../arm-none-eabi/lib/thumb/v7e-m+dp/hard/libc_nano.a(libc_a-exit.o) (__stdio_exit_handler)
/usr/lib/gcc/arm-none-eabi/14.2.0/../../../../arm-none-eabi/lib/thumb/v7e-m+dp/hard/libc_nano.a(libc_a-fwalk.o)
                              /usr/lib/gcc/arm-none-eabi/14.2.0/../../../../arm-none-eabi/lib/thumb/v7e-m+dp/hard/libc_nano.a(libc_a-findfp.o) (_fwalk_sglue)
/usr/lib/gcc/arm-none-eabi/14.2.0/../../../../arm-none-eabi/lib/thumb/v7e-m+dp/hard/libc_nano.a(libc_a-stdio.o)
                              /usr/lib/gcc/arm-none-eabi/14.2.0/../../../../arm-none-eabi/lib/thumb/v7e-m+dp/hard/libc_nano.a(libc_a-findfp.o) (__sread)
/usr/lib/gcc/arm-none-eabi/14.2.0/../../../../arm-none-eabi/lib/thumb/v7e-m+dp/hard/libc_nano.a(libc_a-memset.o)
                              /usr/lib/gcc/arm-none-eabi/14.2.0/../../../../arm-none-eabi/lib/thumb/v7e-m+dp/hard/crt0.o (memset)
/usr/lib/gcc/arm-none-eabi/14.2.0/../../../../arm-none-eabi/lib/thumb/v7e-m+dp/hard/libc_nano.a(libc_a-closer.o)
                              /usr/lib/gcc/arm-none-eabi/14.2.0/../../../../arm-none-eabi/lib/thumb/v7e-m+dp/hard/libc_nano.a(libc_a-stdio.o) (_close_r)
/usr/lib/gcc/arm-none-eabi/14.2.0/../../../../arm-none-eabi/lib/thumb/v7e-m+dp/hard/libc_nano.a(libc_a-reent.o)
                              /usr/lib/gcc/arm-none-eabi/14.2.0/../../../../arm-none-eabi/lib/thumb/v7e-m+dp/hard/libc_nano.a(libc_a-closer.o) (errno)
/usr/lib/gcc/arm-none-eabi/14.2.0/../../../../arm-none-eabi/lib/thumb/v7e-m+dp/hard/libc_nano.a(libc_a-impure.o)
                              /usr/lib/gcc/arm-none-eabi/14.2.0/../../../../arm-none-eabi/lib/thumb/v7e-m+dp/hard/libc_nano.a(libc_a-reent.o) (_impure_ptr)
/usr/lib/gcc/arm-none-eabi/14.2.0/../../../../arm-none-eabi/lib/thumb/v7e-m+dp/hard/libc_nano.a(libc_a-lseekr.o)
                              /usr/lib/gcc/arm-none-eabi/14.2.0/../../../../arm-none-eabi/lib/thumb/v7e-m+dp/hard/libc_nano.a(libc_a-stdio.o) (_lseek_r)
/usr/lib/gcc/arm-none-eabi/14.2.0/../../../../arm-none-eabi/lib/thumb/v7e-m+dp/hard/libc_nano.a(libc_a-readr.o)
                              /usr/lib/gcc/arm-none-eabi/14.2.0/../../../../arm-none-eabi/lib/thumb/v7e-m+dp/hard/libc_nano.a(libc_a-stdio.o) (_read_r)
/usr/lib/gcc/arm-none-eabi/14.2.0/../../../../arm-none-eabi/lib/thumb/v7e-m+dp/hard/libc_nano.a(libc_a-writer.o)
                              /usr/lib/gcc/arm-none-eabi/14.2.0/../../../../arm-none-eabi/lib/thumb/v7e-m+dp/hard/libc_nano.a(libc_a-stdio.o) (_write_r)
/usr/lib/gcc/arm-none-eabi/14.2.0/../../../../arm-none-eabi/lib/thumb/v7e-m+dp/hard/libc_nano.a(libc_a-init.o)
                              /usr/lib/gcc/arm-none-eabi/14.2.0/../../../../arm-none-eabi/lib/thumb/v7e-m+dp/hard/crt0.o (__libc_init_array)
/usr/lib/gcc/arm-none-eabi/14.2.0/../../../../arm-none-eabi/lib/thumb/v7e-m+dp/hard/libc_nano.a(libc_a-fini.o)
                              /usr/lib/gcc/arm-none-eabi/14.2.0/../../../../arm-none-eabi/lib/thumb/v7e-m+dp/hard/crt0.o (__libc_fini_array)
/usr/lib/gcc/arm-none-eabi/14.2.0/../../../../arm-none-eabi/lib/thumb/v7e-m+dp/hard/libc_nano.a(libc_a-lock.o)
                              /usr/lib/gcc/arm-none-eabi/14.2.0/../../../../arm-none-eabi/lib/thumb/v7e-m+dp/hard/libc_nano.a(libc_a-findfp.o) (__retarget_lock_init_recursive)
/usr/lib/gcc/arm-none-eabi/14.2.0/../../../../arm-none-eabi/lib/thumb/v7e-m+dp/hard/libc_nano.a(libc_a-memcpy-stub.o)
                              build/queue.o (memcpy)
/usr/lib/gcc/arm-none-eabi/14.2.0/../../../../arm-none-eabi/lib/thumb/v7e-m+dp/hard/libc_nano.a(libc_a-__atexit.o)
                              /usr/lib/gcc/arm-none-eabi/14.2.0/../../../../arm-none-eabi/lib/thumb/v7e-m+dp/hard/libc_nano.a(libc_a-atexit.o) (__register_exitproc)
/usr/lib/gcc/arm-none-eabi/14.2.0/../../../../arm-none-eabi/lib/thumb/v7e-m+dp/hard/libc_nano.a(libc_a-__call_atexit.o)
                              /usr/lib/gcc/arm-none-eabi/14.2.0/../../../../arm-none-eabi/lib/thumb/v7e-m+dp/hard/libc_nano.a(libc_a-__atexit.o) (__call_exitprocs)
/usr/lib/gcc/arm-none-eabi/14.2.0/../../../../arm-none-eabi/lib/thumb/v7e-m+dp/hard/libc_nano.a(libc_a-freer.o)
                              /usr/lib/gcc/arm-none-eabi/14.2.0/../../../../arm-none-eabi/lib/thumb/v7e-m+dp/hard/libc_nano.a(libc_a-reent.o) (_free_r)
[...]
Memory Configuration

Name             Origin             Length             Attributes
DTCMRAM          0x20000000         0x00020000         xrw
RAM              0x24000000         0x00080000         xrw
RAM_D2           0x30000000         0x00048000         xrw
RAM_D3           0x38000000         0x00010000         xrw
ITCMRAM          0x00000000         0x00010000         xrw
FLASH            0x08000000         0x00080000         xr
FLASH2           0x08100000         0x00080000         xr
*default*        0x00000000         0xffffffff

Linker script and memory map

LOAD /usr/lib/gcc/arm-none-eabi/14.2.0/thumb/v7e-m+dp/hard/crti.o
LOAD /usr/lib/gcc/arm-none-eabi/14.2.0/thumb/v7e-m+dp/hard/crtbegin.o
LOAD /usr/lib/gcc/arm-none-eabi/14.2.0/../../../../arm-none-eabi/lib/thumb/v7e-m+dp/hard/crt0.o
LOAD build/main.o
LOAD build/stm32h7xx_it.o
LOAD build/stm32h7xx_hal_msp.o
LOAD build/stm32h7xx_hal_adc.o
LOAD build/stm32h7xx_hal_adc_ex.o
LOAD build/stm32h7xx_hal_rcc.o
LOAD build/stm32h7xx_hal_rcc_ex.o
LOAD build/stm32h7xx_hal_flash.o
LOAD build/stm32h7xx_hal_flash_ex.o
LOAD build/stm32h7xx_hal_gpio.o
LOAD build/stm32h7xx_hal_hsem.o
LOAD build/stm32h7xx_hal_dma.o
LOAD build/stm32h7xx_hal_dma_ex.o
LOAD build/stm32h7xx_hal_mdma.o
LOAD build/stm32h7xx_hal_pwr.o
LOAD build/stm32h7xx_hal_pwr_ex.o
LOAD build/stm32h7xx_hal_cortex.o
LOAD build/stm32h7xx_hal.o
LOAD build/stm32h7xx_hal_i2c.o
LOAD build/stm32h7xx_hal_i2c_ex.o
LOAD build/stm32h7xx_hal_exti.o
LOAD build/stm32h7xx_hal_dcmi.o
LOAD build/stm32h7xx_hal_spi.o
LOAD build/stm32h7xx_hal_spi_ex.o
LOAD build/stm32h7xx_hal_tim.o
LOAD build/stm32h7xx_hal_tim_ex.o
LOAD build/stm32h7xx_hal_uart.o
LOAD build/stm32h7xx_hal_uart_ex.o
LOAD build/system_stm32h7xx.o
LOAD build/freertos.o
LOAD build/stm32h7xx_hal_timebase_tim.o
LOAD build/mpu_wrappers_v2.o
LOAD build/croutine.o
LOAD build/event_groups.o
LOAD build/list.o
LOAD build/queue.o
LOAD build/stream_buffer.o
LOAD build/tasks.o
LOAD build/timers.o
LOAD build/cmsis_os2.o
LOAD build/heap_4.o
LOAD build/port.o
LOAD build/startup_stm32h743xx.o
START GROUP
LOAD /usr/lib/gcc/arm-none-eabi/14.2.0/../../../../arm-none-eabi/lib/thumb/v7e-m+dp/hard/libc_nano.a
LOAD /usr/lib/gcc/arm-none-eabi/14.2.0/../../../../arm-none-eabi/lib/thumb/v7e-m+dp/hard/libm.a
LOAD /usr/lib/gcc/arm-none-eabi/14.2.0/../../../../arm-none-eabi/lib/thumb/v7e-m+dp/hard/libnosys.a
END GROUP
START GROUP
LOAD /usr/lib/gcc/arm-none-eabi/14.2.0/thumb/v7e-m+dp/hard/libgcc.a
LOAD /usr/lib/gcc/arm-none-eabi/14.2.0/../../../../arm-none-eabi/lib/thumb/v7e-m+dp/hard/libc_nano.a
END GROUP
START GROUP
LOAD /usr/lib/gcc/arm-none-eabi/14.2.0/thumb/v7e-m+dp/hard/libgcc.a
LOAD /usr/lib/gcc/arm-none-eabi/14.2.0/../../../../arm-none-eabi/lib/thumb/v7e-m+dp/hard/libc_nano.a
END GROUP
LOAD /usr/lib/gcc/arm-none-eabi/14.2.0/thumb/v7e-m+dp/hard/crtend.o
LOAD /usr/lib/gcc/arm-none-eabi/14.2.0/thumb/v7e-m+dp/hard/crtn.o
                0x20020000                        _estack = (ORIGIN (DTCMRAM) + LENGTH (DTCMRAM))
                0x2001f800                        _sstack = (_estack - _Min_Stack_Size)
                0x00000800                        _Min_Heap_Size = 0x800
                0x00000800                        _Min_Stack_Size = 0x800

.isr_vector     0x08000000      0x298
                0x08000000                        . = ALIGN (0x4)
 *(.isr_vector)
 .isr_vector    0x08000000      0x298 build/startup_stm32h743xx.o
                0x08000000                g_pfnVectors
                0x08000298                        . = ALIGN (0x4)

.text           0x080002a0     0x84d4
                0x080002a0                        . = ALIGN (0x4)
 *(.text)
 .text          0x080002a0       0x30 /usr/lib/gcc/arm-none-eabi/14.2.0/thumb/v7e-m+dp/hard/libgcc.a(_aeabi_uldivmod.o)
                0x080002a0                __aeabi_uldivmod
 .text          0x080002d0        0x4 /usr/lib/gcc/arm-none-eabi/14.2.0/thumb/v7e-m+dp/hard/libgcc.a(_dvmd_tls.o)
                0x080002d0                __aeabi_ldiv0
                0x080002d0                __aeabi_idiv0
 *(.text*)
 .text.__do_global_dtors_aux
                0x080002d4       0x24 /usr/lib/gcc/arm-none-eabi/14.2.0/thumb/v7e-m+dp/hard/crtbegin.o
 .text.frame_dummy
                0x080002f8       0x1c /usr/lib/gcc/arm-none-eabi/14.2.0/thumb/v7e-m+dp/hard/crtbegin.o
 .text.MPU_Config
                0x08000314       0x52 build/main.o
 *fill*         0x08000366        0x2 
 .text.MX_GPIO_Init
                0x08000368      0x108 build/main.o
 .text.MX_DMA_Init
                0x08000470       0x38 build/main.o
 .text.MX_ADC1_Init
                0x080004a8       0x90 build/main.o
 .text.MX_DCMI_Init
                0x08000538       0x30 build/main.o
 .text.MX_I2C1_Init
                0x08000568       0x48 build/main.o
 .text.MX_I2C2_Init
                0x080005b0       0x48 build/main.o
 .text.MX_SPI1_Init
                0x080005f8       0x54 build/main.o
 .text.MX_USART1_UART_Init
                0x0800064c       0x4c build/main.o
 .text.MX_USART2_UART_Init
                0x08000698       0x4c build/main.o
 .text.StartDefaultTask
                0x080006e4       0x2c build/main.o
                0x080006e4                StartDefaultTask
 .text.OLED_WriteCmd
                0x08000710       0x48 build/main.o
                0x08000710                OLED_WriteCmd
 .text.OLED_WriteData
                0x08000758       0x48 build/main.o
                0x08000758                OLED_WriteData
 .text.OLED_Init
                0x080007a0       0xd0 build/main.o
                0x080007a0                OLED_Init
 .text.SystemClock_Config
                0x08000870       0xd0 build/main.o
                0x08000870                SystemClock_Config
 .text.main     0x08000940       0x74 build/main.o
                0x08000940                main
 .text.HAL_TIM_PeriodElapsedCallback
                0x080009b4       0x18 build/main.o
                0x080009b4                HAL_TIM_PeriodElapsedCallback
 .text.Error_Handler
                0x080009cc        0x2 build/main.o
                0x080009cc                Error_Handler
 .text.NMI_Handler
                0x080009ce        0x2 build/stm32h7xx_it.o
                0x080009ce                NMI_Handler
 .text.HardFault_Handler
                0x080009d0        0x2 build/stm32h7xx_it.o
                0x080009d0                HardFault_Handler
 .text.MemManage_Handler
                0x080009d2        0x2 build/stm32h7xx_it.o
                0x080009d2                MemManage_Handler
 .text.BusFault_Handler
                0x080009d4        0x2 build/stm32h7xx_it.o
                0x080009d4                BusFault_Handler
 .text.UsageFault_Handler
                0x080009d6        0x2 build/stm32h7xx_it.o
                0x080009d6                UsageFault_Handler
 .text.DebugMon_Handler
                0x080009d8        0x2 build/stm32h7xx_it.o
                0x080009d8                DebugMon_Handler
 *fill*         0x080009da        0x2 
 .text.DMA1_Stream1_IRQHandler
                0x080009dc       0x10 build/stm32h7xx_it.o
                0x080009dc                DMA1_Stream1_IRQHandler
 .text.TIM6_DAC_IRQHandler
                0x080009ec       0x10 build/stm32h7xx_it.o
                0x080009ec                TIM6_DAC_IRQHandler
 .text.HAL_MspInit
                0x080009fc       0x34 build/stm32h7xx_hal_msp.o
                0x080009fc                HAL_MspInit
 .text.HAL_ADC_MspInit
                0x08000a30       0xac build/stm32h7xx_hal_msp.o
                0x08000a30                HAL_ADC_MspInit
 .text.HAL_DCMI_MspInit
                0x08000adc      0x188 build/stm32h7xx_hal_msp.o
                0x08000adc                HAL_DCMI_MspInit
 .text.HAL_I2C_MspInit
                0x08000c64      0x10c build/stm32h7xx_hal_msp.o
                0x08000c64                HAL_I2C_MspInit
 .text.HAL_SPI_MspInit
                0x08000d70       0xfc build/stm32h7xx_hal_msp.o
                0x08000d70                HAL_SPI_MspInit
 .text.HAL_UART_MspInit
                0x08000e6c      0x108 build/stm32h7xx_hal_msp.o
                0x08000e6c                HAL_UART_MspInit
 .text.LL_ADC_REG_SetSequencerRanks
                0x08000f74       0x30 build/stm32h7xx_hal_adc.o
 .text.LL_ADC_SetChannelSamplingTime
                0x08000fa4       0x2c build/stm32h7xx_hal_adc.o
 .text.LL_ADC_SetChannelPreselection
                0x08000fd0       0x2e build/stm32h7xx_hal_adc.o
 *fill*         0x08000ffe        0x2 
 .text.HAL_ADC_ConfigChannel
                0x08001000      0x468 build/stm32h7xx_hal_adc.o
                0x08001000                HAL_ADC_ConfigChannel
 .text.ADC_ConfigureBoostMode
                0x08001468      0x160 build/stm32h7xx_hal_adc.o
                0x08001468                ADC_ConfigureBoostMode
 .text.HAL_ADC_Init
                0x080015c8      0x254 build/stm32h7xx_hal_adc.o
                0x080015c8                HAL_ADC_Init
 .text.HAL_ADCEx_MultiModeConfigChannel
                0x0800181c      0x150 build/stm32h7xx_hal_adc_ex.o
                0x0800181c                HAL_ADCEx_MultiModeConfigChannel
 .text.HAL_RCC_OscConfig
                0x0800196c      0x6b0 build/stm32h7xx_hal_rcc.o
                0x0800196c                HAL_RCC_OscConfig
 .text.HAL_RCC_MCOConfig
                0x0800201c       0xa4 build/stm32h7xx_hal_rcc.o
                0x0800201c                HAL_RCC_MCOConfig
 .text.HAL_RCC_GetSysClockFreq
                0x080020c0      0x1f8 build/stm32h7xx_hal_rcc.o
                0x080020c0                HAL_RCC_GetSysClockFreq
 .text.HAL_RCC_ClockConfig
                0x080022b8      0x294 build/stm32h7xx_hal_rcc.o
                0x080022b8                HAL_RCC_ClockConfig
 .text.HAL_RCC_GetHCLKFreq
                0x0800254c       0x44 build/stm32h7xx_hal_rcc.o
                0x0800254c                HAL_RCC_GetHCLKFreq
 .text.HAL_RCC_GetPCLK1Freq
                0x08002590       0x24 build/stm32h7xx_hal_rcc.o
                0x08002590                HAL_RCC_GetPCLK1Freq
 .text.HAL_RCC_GetPCLK2Freq
                0x080025b4       0x24 build/stm32h7xx_hal_rcc.o
                0x080025b4                HAL_RCC_GetPCLK2Freq
 .text.HAL_RCC_GetClockConfig
                0x080025d8       0x54 build/stm32h7xx_hal_rcc.o
                0x080025d8                HAL_RCC_GetClockConfig
 .text.RCCEx_PLL2_Config
                0x0800262c      0x108 build/stm32h7xx_hal_rcc_ex.o
 .text.RCCEx_PLL3_Config
                0x08002734      0x108 build/stm32h7xx_hal_rcc_ex.o
 .text.HAL_RCCEx_PeriphCLKConfig
                0x0800283c      0xab8 build/stm32h7xx_hal_rcc_ex.o
                0x0800283c                HAL_RCCEx_PeriphCLKConfig
 .text.HAL_RCCEx_GetD3PCLK1Freq
                0x080032f4       0x24 build/stm32h7xx_hal_rcc_ex.o
                0x080032f4                HAL_RCCEx_GetD3PCLK1Freq
 .text.HAL_RCCEx_GetPLL2ClockFreq
                0x08003318      0x200 build/stm32h7xx_hal_rcc_ex.o
                0x08003318                HAL_RCCEx_GetPLL2ClockFreq
 .text.HAL_RCCEx_GetPLL3ClockFreq
                0x08003518      0x200 build/stm32h7xx_hal_rcc_ex.o
                0x08003518                HAL_RCCEx_GetPLL3ClockFreq
 .text.HAL_RCCEx_GetPLL1ClockFreq
                0x08003718      0x200 build/stm32h7xx_hal_rcc_ex.o
                0x08003718                HAL_RCCEx_GetPLL1ClockFreq
 .text.HAL_RCCEx_GetPeriphCLKFreq
                0x08003918      0x6dc build/stm32h7xx_hal_rcc_ex.o
                0x08003918                HAL_RCCEx_GetPeriphCLKFreq
 .text.HAL_GPIO_Init
                0x08003ff4      0x22c build/stm32h7xx_hal_gpio.o
                0x08003ff4                HAL_GPIO_Init
 .text.HAL_GPIO_WritePin
                0x08004220        0xc build/stm32h7xx_hal_gpio.o
                0x08004220                HAL_GPIO_WritePin
 .text.DMA_CalcBaseAndBitshift
                0x0800422c       0xb0 build/stm32h7xx_hal_dma.o
 .text.DMA_CheckFifoParam
                0x080042dc       0x92 build/stm32h7xx_hal_dma.o
 *fill*         0x0800436e        0x2 
 .text.DMA_CalcDMAMUXChannelBaseAndMask
                0x08004370       0xac build/stm32h7xx_hal_dma.o
 .text.DMA_CalcDMAMUXRequestGenBaseAndMask
                0x0800441c       0x7c build/stm32h7xx_hal_dma.o
 .text.HAL_DMA_Init
                0x08004498      0x3a4 build/stm32h7xx_hal_dma.o
                0x08004498                HAL_DMA_Init
 .text.HAL_DMA_IRQHandler
                0x0800483c      0x734 build/stm32h7xx_hal_dma.o
                0x0800483c                HAL_DMA_IRQHandler
 .text.HAL_PWREx_ConfigSupply
                0x08004f70       0x54 build/stm32h7xx_hal_pwr_ex.o
                0x08004f70                HAL_PWREx_ConfigSupply
 .text.__NVIC_EnableIRQ
                0x08004fc4       0x1c build/stm32h7xx_hal_cortex.o
 .text.__NVIC_SetPriority
                0x08004fe0       0x24 build/stm32h7xx_hal_cortex.o
 .text.NVIC_EncodePriority
                0x08005004       0x3e build/stm32h7xx_hal_cortex.o
 *fill*         0x08005042        0x2 
 .text.HAL_NVIC_SetPriorityGrouping
                0x08005044       0x24 build/stm32h7xx_hal_cortex.o
                0x08005044                HAL_NVIC_SetPriorityGrouping
 .text.HAL_NVIC_SetPriority
                0x08005068       0x20 build/stm32h7xx_hal_cortex.o
                0x08005068                HAL_NVIC_SetPriority
 .text.HAL_NVIC_EnableIRQ
                0x08005088        0x8 build/stm32h7xx_hal_cortex.o
                0x08005088                HAL_NVIC_EnableIRQ
 .text.HAL_MPU_Disable
                0x08005090       0x1c build/stm32h7xx_hal_cortex.o
                0x08005090                HAL_MPU_Disable
 .text.HAL_MPU_Enable
                0x080050ac       0x20 build/stm32h7xx_hal_cortex.o
                0x080050ac                HAL_MPU_Enable
 .text.HAL_MPU_ConfigRegion
                0x080050cc       0x58 build/stm32h7xx_hal_cortex.o
                0x080050cc                HAL_MPU_ConfigRegion
 .text.HAL_Init
                0x08005124       0x5c build/stm32h7xx_hal.o
                0x08005124                HAL_Init
 .text.HAL_IncTick
                0x08005180       0x18 build/stm32h7xx_hal.o
                0x08005180                HAL_IncTick
 .text.HAL_GetTick
                0x08005198        0xc build/stm32h7xx_hal.o
                0x08005198                HAL_GetTick
 .text.HAL_Delay
                0x080051a4       0x28 build/stm32h7xx_hal.o
                0x080051a4                HAL_Delay
 .text.HAL_GetREVID
                0x080051cc        0xc build/stm32h7xx_hal.o
                0x080051cc                HAL_GetREVID
 .text.HAL_I2C_Init
                0x080051d8       0xc8 build/stm32h7xx_hal_i2c.o
                0x080051d8                HAL_I2C_Init
 .text.HAL_I2CEx_ConfigAnalogFilter
                0x080052a0       0x5a build/stm32h7xx_hal_i2c_ex.o
                0x080052a0                HAL_I2CEx_ConfigAnalogFilter
 .text.HAL_I2CEx_ConfigDigitalFilter
                0x080052fa       0x56 build/stm32h7xx_hal_i2c_ex.o
                0x080052fa                HAL_I2CEx_ConfigDigitalFilter
 .text.HAL_DCMI_Init
                0x08005350       0xa0 build/stm32h7xx_hal_dcmi.o
                0x08005350                HAL_DCMI_Init
 .text.SPI_CloseTransfer
                0x080053f0       0xcc build/stm32h7xx_hal_spi.o
 .text.SPI_GetPacketSize
                0x080054bc       0x10 build/stm32h7xx_hal_spi.o
 .text.SPI_WaitOnFlagUntilTimeout
                0x080054cc       0x48 build/stm32h7xx_hal_spi.o
 .text.HAL_SPI_Init
                0x08005514      0x190 build/stm32h7xx_hal_spi.o
                0x08005514                HAL_SPI_Init
 .text.HAL_SPI_Transmit
                0x080056a4      0x2c0 build/stm32h7xx_hal_spi.o
                0x080056a4                HAL_SPI_Transmit
 .text.HAL_TIM_Base_MspInit
                0x08005964        0x2 build/stm32h7xx_hal_tim.o
                0x08005964                HAL_TIM_Base_MspInit
 *fill*         0x08005966        0x2 
 .text.HAL_TIM_Base_Start_IT
                0x08005968       0x90 build/stm32h7xx_hal_tim.o
                0x08005968                HAL_TIM_Base_Start_IT
 .text.HAL_TIM_OC_DelayElapsedCallback
                0x080059f8        0x2 build/stm32h7xx_hal_tim.o
                0x080059f8                HAL_TIM_OC_DelayElapsedCallback
 .text.HAL_TIM_IC_CaptureCallback
                0x080059fa        0x2 build/stm32h7xx_hal_tim.o
                0x080059fa                HAL_TIM_IC_CaptureCallback
 .text.HAL_TIM_PWM_PulseFinishedCallback
                0x080059fc        0x2 build/stm32h7xx_hal_tim.o
                0x080059fc                HAL_TIM_PWM_PulseFinishedCallback
 .text.HAL_TIM_TriggerCallback
                0x080059fe        0x2 build/stm32h7xx_hal_tim.o
                0x080059fe                HAL_TIM_TriggerCallback
 .text.HAL_TIM_IRQHandler
                0x08005a00      0x17a build/stm32h7xx_hal_tim.o
                0x08005a00                HAL_TIM_IRQHandler
 *fill*         0x08005b7a        0x2 
 .text.TIM_Base_SetConfig
                0x08005b7c      0x104 build/stm32h7xx_hal_tim.o
                0x08005b7c                TIM_Base_SetConfig
 .text.HAL_TIM_Base_Init
                0x08005c80       0x60 build/stm32h7xx_hal_tim.o
                0x08005c80                HAL_TIM_Base_Init
 .text.HAL_TIMEx_CommutCallback
                0x08005ce0        0x2 build/stm32h7xx_hal_tim_ex.o
                0x08005ce0                HAL_TIMEx_CommutCallback
 .text.HAL_TIMEx_BreakCallback
                0x08005ce2        0x2 build/stm32h7xx_hal_tim_ex.o
                0x08005ce2                HAL_TIMEx_BreakCallback
 .text.HAL_TIMEx_Break2Callback
                0x08005ce4        0x2 build/stm32h7xx_hal_tim_ex.o
                0x08005ce4                HAL_TIMEx_Break2Callback
 *fill*         0x08005ce6        0x2 
 .text.UART_EndRxTransfer
                0x08005ce8       0x58 build/stm32h7xx_hal_uart.o
 .text.UART_SetConfig
                0x08005d40      0x5f4 build/stm32h7xx_hal_uart.o
                0x08005d40                UART_SetConfig
 .text.UART_AdvFeatureConfig
                0x08006334       0xca build/stm32h7xx_hal_uart.o
                0x08006334                UART_AdvFeatureConfig
 .text.UART_WaitOnFlagUntilTimeout
                0x080063fe       0xa6 build/stm32h7xx_hal_uart.o
                0x080063fe                UART_WaitOnFlagUntilTimeout
 .text.HAL_UART_Transmit
                0x080064a4       0xe0 build/stm32h7xx_hal_uart.o
                0x080064a4                HAL_UART_Transmit
 .text.UART_CheckIdleState
                0x08006584       0xca build/stm32h7xx_hal_uart.o
                0x08006584                UART_CheckIdleState
 .text.HAL_UART_Init
                0x0800664e       0x66 build/stm32h7xx_hal_uart.o
                0x0800664e                HAL_UART_Init
 .text.UARTEx_SetNbDataToProcess
                0x080066b4       0x4c build/stm32h7xx_hal_uart_ex.o
 .text.HAL_UARTEx_DisableFifoMode
                0x08006700       0x3e build/stm32h7xx_hal_uart_ex.o
                0x08006700                HAL_UARTEx_DisableFifoMode
 .text.HAL_UARTEx_SetTxFifoThreshold
                0x0800673e       0x4a build/stm32h7xx_hal_uart_ex.o
                0x0800673e                HAL_UARTEx_SetTxFifoThreshold
 .text.HAL_UARTEx_SetRxFifoThreshold
                0x08006788       0x4a build/stm32h7xx_hal_uart_ex.o
                0x08006788                HAL_UARTEx_SetRxFifoThreshold
 *fill*         0x080067d2        0x2 
 .text.SystemInit
                0x080067d4       0xf0 build/system_stm32h7xx.o
                0x080067d4                SystemInit
 .text.ExitRun0Mode
                0x080068c4       0x18 build/system_stm32h7xx.o
                0x080068c4                ExitRun0Mode
 .text.HAL_InitTick
                0x080068dc       0x9c build/stm32h7xx_hal_timebase_tim.o
                0x080068dc                HAL_InitTick
 .text.vListInitialise
                0x08006978       0x16 build/list.o
                0x08006978                vListInitialise
 .text.vListInitialiseItem
                0x0800698e        0x6 build/list.o
                0x0800698e                vListInitialiseItem
 .text.vListInsert
                0x08006994       0x32 build/list.o
                0x08006994                vListInsert
 .text.uxListRemove
                0x080069c6       0x26 build/list.o
                0x080069c6                uxListRemove
 .text.prvIsQueueEmpty
                0x080069ec       0x1a build/queue.o
 .text.prvCopyDataFromQueue
                0x08006a06       0x24 build/queue.o
 .text.prvUnlockQueue
                0x08006a2a       0x6e build/queue.o
 .text.xQueueGenericReset
                0x08006a98       0xaa build/queue.o
                0x08006a98                xQueueGenericReset
 .text.prvInitialiseNewQueue
                0x08006b42       0x22 build/queue.o
 .text.xQueueGenericCreateStatic
                0x08006b64       0x82 build/queue.o
                0x08006b64                xQueueGenericCreateStatic
 .text.xQueueReceive
                0x08006be6      0x15e build/queue.o
                0x08006be6                xQueueReceive
 .text.vQueueAddToRegistry
                0x08006d44       0x60 build/queue.o
                0x08006d44                vQueueAddToRegistry
 .text.vQueueWaitForMessageRestricted
                0x08006da4       0x52 build/queue.o
                0x08006da4                vQueueWaitForMessageRestricted
 *fill*         0x08006df6        0x2 
 .text.prvResetNextTaskUnblockTime
                0x08006df8       0x28 build/tasks.o
 .text.prvInitialiseNewTask
                0x08006e20       0x8e build/tasks.o
 *fill*         0x08006eae        0x2 
 .text.prvInitialiseTaskLists
                0x08006eb0       0x68 build/tasks.o
 .text.prvAddNewTaskToReadyList
                0x08006f18       0xc8 build/tasks.o
 .text.prvDeleteTCB
                0x08006fe0       0x38 build/tasks.o
 .text.prvCheckTasksWaitingTermination
                0x08007018       0x4c build/tasks.o
 .text.prvIdleTask
                0x08007064       0x28 build/tasks.o
 .text.prvAddCurrentTaskToDelayedList
                0x0800708c       0xa0 build/tasks.o
 .text.xTaskCreateStatic
                0x0800712c       0x96 build/tasks.o
                0x0800712c                xTaskCreateStatic
 .text.xTaskCreate
                0x080071c2       0x68 build/tasks.o
                0x080071c2                xTaskCreate
 *fill*         0x0800722a        0x2 
 .text.vTaskStartScheduler
                0x0800722c       0xa0 build/tasks.o
                0x0800722c                vTaskStartScheduler
 .text.vTaskSuspendAll
                0x080072cc       0x10 build/tasks.o
                0x080072cc                vTaskSuspendAll
 .text.xTaskGetTickCount
                0x080072dc        0xc build/tasks.o
                0x080072dc                xTaskGetTickCount
 .text.xTaskIncrementTick
                0x080072e8      0x178 build/tasks.o
                0x080072e8                xTaskIncrementTick
 .text.xTaskResumeAll
                0x08007460      0x14c build/tasks.o
                0x08007460                xTaskResumeAll
 .text.vTaskDelay
                0x080075ac       0x4c build/tasks.o
                0x080075ac                vTaskDelay
 .text.vTaskSwitchContext
                0x080075f8       0x98 build/tasks.o
                0x080075f8                vTaskSwitchContext
 .text.vTaskPlaceOnEventList
                0x08007690       0x30 build/tasks.o
                0x08007690                vTaskPlaceOnEventList
 .text.vTaskPlaceOnEventListRestricted
                0x080076c0       0x54 build/tasks.o
                0x080076c0                vTaskPlaceOnEventListRestricted
 .text.xTaskRemoveFromEventList
                0x08007714       0xf4 build/tasks.o
                0x08007714                xTaskRemoveFromEventList
 .text.vTaskInternalSetTimeOutState
                0x08007808       0x18 build/tasks.o
                0x08007808                vTaskInternalSetTimeOutState
 .text.xTaskCheckForTimeOut
                0x08007820       0x8c build/tasks.o
                0x08007820                xTaskCheckForTimeOut
 .text.vTaskMissedYield
                0x080078ac        0xc build/tasks.o
                0x080078ac                vTaskMissedYield
 .text.xTaskGetSchedulerState
                0x080078b8       0x20 build/tasks.o
                0x080078b8                xTaskGetSchedulerState
 .text.prvGetNextExpireTime
                0x080078d8       0x20 build/timers.o
 .text.prvInsertTimerInActiveList
                0x080078f8       0x50 build/timers.o
 .text.prvReloadTimer
                0x08007948       0x28 build/timers.o
 .text.prvProcessExpiredTimer
                0x08007970       0x40 build/timers.o
 .text.prvSwitchTimerLists
                0x080079b0       0x30 build/timers.o
 .text.prvSampleTimeNow
                0x080079e0       0x2c build/timers.o
 .text.prvProcessTimerOrBlockTask
                0x08007a0c       0x78 build/timers.o
 .text.prvProcessReceivedCommands
                0x08007a84      0x104 build/timers.o
 .text.prvTimerTask
                0x08007b88       0x16 build/timers.o
 *fill*         0x08007b9e        0x2 
 .text.prvCheckForValidListAndQueue
                0x08007ba0       0x70 build/timers.o
 .text.xTimerCreateTimerTask
                0x08007c10       0x64 build/timers.o
                0x08007c10                xTimerCreateTimerTask
 .text.IRQ_Context
                0x08007c74       0x2c build/cmsis_os2.o
 .text.SysTick_Handler
                0x08007ca0       0x18 build/cmsis_os2.o
                0x08007ca0                SysTick_Handler
 .text.osKernelInitialize
                0x08007cb8       0x34 build/cmsis_os2.o
                0x08007cb8                osKernelInitialize
 .text.osKernelStart
                0x08007cec       0x48 build/cmsis_os2.o
                0x08007cec                osKernelStart
 .text.osThreadNew
                0x08007d34       0xc2 build/cmsis_os2.o
                0x08007d34                osThreadNew
 .text.osDelay  0x08007df6       0x20 build/cmsis_os2.o
                0x08007df6                osDelay
 *fill*         0x08007e16        0x2 
 .text.vApplicationGetIdleTaskMemory
                0x08007e18       0x18 build/cmsis_os2.o
                0x08007e18                vApplicationGetIdleTaskMemory
 .text.vApplicationGetTimerTaskMemory
                0x08007e30       0x18 build/cmsis_os2.o
                0x08007e30                vApplicationGetTimerTaskMemory
 .text.prvHeapInit
                0x08007e48       0x58 build/heap_4.o
 .text.prvInsertBlockIntoFreeList
                0x08007ea0       0x64 build/heap_4.o
 .text.pvPortMalloc
                0x08007f04      0x104 build/heap_4.o
                0x08007f04                pvPortMalloc
 .text.vPortFree
                0x08008008       0x74 build/heap_4.o
                0x08008008                vPortFree
 .text.prvTaskExitError
                0x0800807c       0x40 build/port.o
 .text.prvPortStartFirstTask
                0x080080bc       0x28 build/port.o
 .text.vPortEnableVFP
                0x080080e4       0x14 build/port.o
 .text.pxPortInitialiseStack
                0x080080f8       0x2c build/port.o
                0x080080f8                pxPortInitialiseStack
 *fill*         0x08008124        0xc 
 .text.SVC_Handler
                0x08008130       0x24 build/port.o
                0x08008130                SVC_Handler
 .text.vPortEnterCritical
                0x08008154       0x44 build/port.o
                0x08008154                vPortEnterCritical
 .text.vPortExitCritical
                0x08008198       0x2c build/port.o
                0x08008198                vPortExitCritical
 *fill*         0x080081c4        0xc 
 .text.PendSV_Handler
                0x080081d0       0x64 build/port.o
                0x080081d0                PendSV_Handler
 .text.xPortSysTickHandler
                0x08008234       0x2c build/port.o
                0x08008234                xPortSysTickHandler
 .text.vPortSetupTimerInterrupt
                0x08008260       0x28 build/port.o
                0x08008260                vPortSetupTimerInterrupt
 .text.xPortStartScheduler
                0x08008288      0x14c build/port.o
                0x08008288                xPortStartScheduler
 .text.Reset_Handler
                0x080083d4       0x54 build/startup_stm32h743xx.o
                0x080083d4                Reset_Handler
 .text.Default_Handler
                0x08008428        0x2 build/startup_stm32h743xx.o
                0x08008428                RTC_Alarm_IRQHandler
                0x08008428                EXTI2_IRQHandler
                0x08008428                TIM8_CC_IRQHandler
                0x08008428                HRTIM1_Master_IRQHandler
                0x08008428                UART8_IRQHandler
                0x08008428                SPI4_IRQHandler
                0x08008428                TIM1_CC_IRQHandler
                0x08008428                BDMA_Channel6_IRQHandler
                0x08008428                DMA2_Stream5_IRQHandler
                0x08008428                HRTIM1_FLT_IRQHandler
                0x08008428                JPEG_IRQHandler
                0x08008428                DMA1_Stream5_IRQHandler
                0x08008428                BDMA_Channel1_IRQHandler
                0x08008428                HRTIM1_TIMD_IRQHandler
                0x08008428                TAMP_STAMP_IRQHandler
                0x08008428                EXTI3_IRQHandler
                0x08008428                LPTIM4_IRQHandler
                0x08008428                TIM8_TRG_COM_TIM14_IRQHandler
                0x08008428                LPTIM2_IRQHandler
                0x08008428                DFSDM1_FLT1_IRQHandler
                0x08008428                DMAMUX2_OVR_IRQHandler
                0x08008428                TIM8_UP_TIM13_IRQHandler
                0x08008428                I2C3_ER_IRQHandler
                0x08008428                DFSDM1_FLT2_IRQHandler
                0x08008428                MDMA_IRQHandler
                0x08008428                LPTIM3_IRQHandler
                0x08008428                HSEM1_IRQHandler
                0x08008428                EXTI0_IRQHandler
                0x08008428                I2C2_EV_IRQHandler
                0x08008428                DMA1_Stream2_IRQHandler
                0x08008428                FPU_IRQHandler
                0x08008428                OTG_HS_WKUP_IRQHandler
                0x08008428                FDCAN1_IT1_IRQHandler
                0x08008428                LTDC_ER_IRQHandler
                0x08008428                DMA2_Stream2_IRQHandler
                0x08008428                HRTIM1_TIME_IRQHandler
                0x08008428                SPI1_IRQHandler
                0x08008428                DCMI_IRQHandler
                0x08008428                HRTIM1_TIMC_IRQHandler
                0x08008428                DMA2_Stream3_IRQHandler
                0x08008428                SAI2_IRQHandler
                0x08008428                DFSDM1_FLT3_IRQHandler
                0x08008428                USART6_IRQHandler
                0x08008428                TIM17_IRQHandler
                0x08008428                USART3_IRQHandler
                0x08008428                BDMA_Channel7_IRQHandler
                0x08008428                LPTIM5_IRQHandler
                0x08008428                UART5_IRQHandler
                0x08008428                ADC3_IRQHandler
                0x08008428                DMA2_Stream0_IRQHandler
                0x08008428                TIM4_IRQHandler
                0x08008428                BDMA_Channel2_IRQHandler
                0x08008428                QUADSPI_IRQHandler
                0x08008428                I2C1_EV_IRQHandler
                0x08008428                DMA1_Stream6_IRQHandler
                0x08008428                DMAMUX1_OVR_IRQHandler
                0x08008428                TIM16_IRQHandler
                0x08008428                UART4_IRQHandler
                0x08008428                BDMA_Channel5_IRQHandler
                0x08008428                TIM3_IRQHandler
                0x08008428                RCC_IRQHandler
                0x08008428                TIM8_BRK_TIM12_IRQHandler
                0x08008428                TIM1_TRG_COM_IRQHandler
                0x08008428                Default_Handler
                0x08008428                ECC_IRQHandler
                0x08008428                CEC_IRQHandler
                0x08008428                EXTI15_10_IRQHandler
                0x08008428                BDMA_Channel0_IRQHandler
                0x08008428                ADC_IRQHandler
                0x08008428                DMA1_Stream7_IRQHandler
                0x08008428                HRTIM1_TIMA_IRQHandler
                0x08008428                SPI5_IRQHandler
                0x08008428                TIM7_IRQHandler
                0x08008428                SDMMC1_IRQHandler
                0x08008428                TIM5_IRQHandler
                0x08008428                DMA2_Stream7_IRQHandler
                0x08008428                TIM15_IRQHandler
                0x08008428                PVD_AVD_IRQHandler
                0x08008428                I2C3_EV_IRQHandler
                0x08008428                EXTI9_5_IRQHandler
                0x08008428                RTC_WKUP_IRQHandler
                0x08008428                LTDC_IRQHandler
                0x08008428                SAI3_IRQHandler
                0x08008428                ETH_WKUP_IRQHandler
                0x08008428                SPDIF_RX_IRQHandler
                0x08008428                SPI2_IRQHandler
                0x08008428                OTG_HS_EP1_IN_IRQHandler
                0x08008428                DMA1_Stream0_IRQHandler
                0x08008428                CRS_IRQHandler
                0x08008428                EXTI4_IRQHandler
                0x08008428                RNG_IRQHandler
                0x08008428                HRTIM1_TIMB_IRQHandler
                0x08008428                FDCAN2_IT1_IRQHandler
                0x08008428                ETH_IRQHandler
                0x08008428                TIM1_UP_IRQHandler
                0x08008428                BDMA_Channel4_IRQHandler
                0x08008428                OTG_HS_EP1_OUT_IRQHandler
                0x08008428                WWDG_IRQHandler
                0x08008428                SPI6_IRQHandler
                0x08008428                MDIOS_IRQHandler
                0x08008428                I2C4_EV_IRQHandler
                0x08008428                FDCAN2_IT0_IRQHandler
                0x08008428                LPUART1_IRQHandler
                0x08008428                FDCAN1_IT0_IRQHandler
                0x08008428                TIM2_IRQHandler
                0x08008428                OTG_FS_WKUP_IRQHandler
                0x08008428                OTG_HS_IRQHandler
                0x08008428                DMA2D_IRQHandler
                0x08008428                TIM1_BRK_IRQHandler
                0x08008428                EXTI1_IRQHandler
                0x08008428                SDMMC2_IRQHandler
                0x08008428                OTG_FS_EP1_OUT_IRQHandler
                0x08008428                BDMA_Channel3_IRQHandler
                0x08008428                UART7_IRQHandler
                0x08008428                MDIOS_WKUP_IRQHandler
                0x08008428                USART2_IRQHandler
                0x08008428                DFSDM1_FLT0_IRQHandler
                0x08008428                SAI4_IRQHandler
                0x08008428                I2C2_ER_IRQHandler
                0x08008428                DMA2_Stream1_IRQHandler
                0x08008428                FLASH_IRQHandler
                0x08008428                DMA2_Stream4_IRQHandler
                0x08008428                USART1_IRQHandler
                0x08008428                OTG_FS_IRQHandler
                0x08008428                SPI3_IRQHandler
                0x08008428                WAKEUP_PIN_IRQHandler
                0x08008428                DMA1_Stream4_IRQHandler
                0x08008428                OTG_FS_EP1_IN_IRQHandler
                0x08008428                I2C1_ER_IRQHandler
                0x08008428                FMC_IRQHandler
                0x08008428                FDCAN_CAL_IRQHandler
                0x08008428                SWPMI1_IRQHandler
                0x08008428                COMP1_IRQHandler
                0x08008428                LPTIM1_IRQHandler
                0x08008428                I2C4_ER_IRQHandler
                0x08008428                DMA2_Stream6_IRQHandler
                0x08008428                SAI1_IRQHandler
                0x08008428                DMA1_Stream3_IRQHandler
 .text.memset   0x0800842a       0x10 /usr/lib/gcc/arm-none-eabi/14.2.0/../../../../arm-none-eabi/lib/thumb/v7e-m+dp/hard/libc_nano.a(libc_a-memset.o)
                0x0800842a                memset
 *fill*         0x0800843a        0x2 
 .text.__libc_init_array
                0x0800843c       0x48 /usr/lib/gcc/arm-none-eabi/14.2.0/../../../../arm-none-eabi/lib/thumb/v7e-m+dp/hard/libc_nano.a(libc_a-init.o)
                0x0800843c                __libc_init_array
 .text.memcpy   0x08008484       0x1c /usr/lib/gcc/arm-none-eabi/14.2.0/../../../../arm-none-eabi/lib/thumb/v7e-m+dp/hard/libc_nano.a(libc_a-memcpy-stub.o)
                0x08008484                memcpy
 .text.__udivmoddi4
                0x080084a0      0x2bc /usr/lib/gcc/arm-none-eabi/14.2.0/thumb/v7e-m+dp/hard/libgcc.a(_udivmoddi4.o)
                0x080084a0                __udivmoddi4
 *(.glue_7)
 .glue_7        0x0800875c        0x0 linker stubs
 *(.glue_7t)
 .glue_7t       0x0800875c        0x0 linker stubs
 *(.eh_frame)
 .eh_frame      0x0800875c        0x0 /usr/lib/gcc/arm-none-eabi/14.2.0/thumb/v7e-m+dp/hard/crtbegin.o
 *(.init)
 .init          0x0800875c        0x4 /usr/lib/gcc/arm-none-eabi/14.2.0/thumb/v7e-m+dp/hard/crti.o
                0x0800875c                _init
 .init          0x08008760        0x8 /usr/lib/gcc/arm-none-eabi/14.2.0/thumb/v7e-m+dp/hard/crtn.o
 *(.fini)
 .fini          0x08008768        0x4 /usr/lib/gcc/arm-none-eabi/14.2.0/thumb/v7e-m+dp/hard/crti.o
                0x08008768                _fini
 .fini          0x0800876c        0x8 /usr/lib/gcc/arm-none-eabi/14.2.0/thumb/v7e-m+dp/hard/crtn.o
                0x08008774                        . = ALIGN (0x4)
                0x08008774                        _etext = .

.vfp11_veneer   0x08008774        0x0
 .vfp11_veneer  0x08008774        0x0 linker stubs

.v4_bx          0x08008774        0x0
 .v4_bx         0x08008774        0x0 linker stubs

.iplt           0x08008774        0x0
 .iplt          0x08008774        0x0 /usr/lib/gcc/arm-none-eabi/14.2.0/thumb/v7e-m+dp/hard/crtbegin.o

.rodata         0x08008774       0x94
                0x08008774                        . = ALIGN (0x4)
 *(.rodata)
 *(.rodata*)
 .rodata.StartDefaultTask.str1.4
                0x08008774       0x2c build/main.o
                                  0x8 (size before relaxing)
 .rodata.str1.4
                0x080087a0        0xc build/main.o
 .rodata.defaultTask_attributes
                0x080087a0       0x24 build/main.o
                0x080087a0                defaultTask_attributes
 .rodata.flagBitshiftOffset.0
                0x080087c4        0x8 build/stm32h7xx_hal_dma.o
 .rodata.UARTPrescTable
                0x080087cc       0x18 build/stm32h7xx_hal_uart.o
                0x080087cc                UARTPrescTable
 .rodata.denominator.0
                0x080087e4        0x8 build/stm32h7xx_hal_uart_ex.o
 .rodata.numerator.1
                0x080087ec        0x8 build/stm32h7xx_hal_uart_ex.o
 .rodata.D1CorePrescTable
                0x080087f4       0x10 build/system_stm32h7xx.o
                0x080087f4                D1CorePrescTable
 .rodata.vTaskStartScheduler.str1.4
                0x08008804        0x5 build/tasks.o
 .rodata.uxTopUsedPriority
                0x08008804        0x4 build/tasks.o
                0x08008804                uxTopUsedPriority
 .rodata.prvCheckForValidListAndQueue.str1.4
                0x08008808        0x5 build/timers.o
 .rodata.xTimerCreateTimerTask.str1.4
                0x08008808        0x8 build/timers.o
                0x08008810                        . = ALIGN (0x4)

.ARM.extab      0x08008808        0x0
                0x08008808                        . = ALIGN (0x4)
 *(.ARM.extab* .gnu.linkonce.armextab.*)
                0x08008808                        . = ALIGN (0x4)

.ARM            0x08008808        0x8
                0x08008808                        . = ALIGN (0x4)
                0x08008808                        __exidx_start = .
 *(.ARM.exidx*)
 .ARM.exidx.text.__udivmoddi4
                0x08008808        0x8 /usr/lib/gcc/arm-none-eabi/14.2.0/thumb/v7e-m+dp/hard/libgcc.a(_udivmoddi4.o)
                0x08008810                        __exidx_end = .
                0x08008810                        . = ALIGN (0x4)

.preinit_array  0x08008810        0x0
                0x08008810                        . = ALIGN (0x4)
                0x08008810                        PROVIDE (__preinit_array_start = .)
 *(.preinit_array*)
                0x08008810                        PROVIDE (__preinit_array_end = .)
                0x08008810                        . = ALIGN (0x4)

.init_array     0x08008810        0x4
                0x08008810                        . = ALIGN (0x4)
                0x08008810                        PROVIDE (__init_array_start = .)
 *(SORT_BY_NAME(.init_array.*))
 *(.init_array*)
 .init_array    0x08008810        0x4 /usr/lib/gcc/arm-none-eabi/14.2.0/thumb/v7e-m+dp/hard/crtbegin.o
                0x08008814                        PROVIDE (__init_array_end = .)
                0x08008814                        . = ALIGN (0x4)

.fini_array     0x08008814        0x4
                0x08008814                        . = ALIGN (0x4)
                0x08008814                        PROVIDE (__fini_array_start = .)
 *(SORT_BY_NAME(.fini_array.*))
 *(.fini_array*)
 .fini_array    0x08008814        0x4 /usr/lib/gcc/arm-none-eabi/14.2.0/thumb/v7e-m+dp/hard/crtbegin.o
                0x08008818                        PROVIDE (__fini_array_end = .)
                0x08008818                        . = ALIGN (0x4)
                0x08008818                        _sidata = LOADADDR (.data)

.rel.dyn        0x08008818        0x0
 .rel.iplt      0x08008818        0x0 /usr/lib/gcc/arm-none-eabi/14.2.0/thumb/v7e-m+dp/hard/crtbegin.o

.data           0x24000000       0x14 load address 0x08008818
                0x24000000                        . = ALIGN (0x4)
                0x24000000                        _sdata = .
 *(.data)
 *(.data*)
 .data.uwTickFreq
                0x24000000        0x1 build/stm32h7xx_hal.o
                0x24000000                uwTickFreq
 *fill*         0x24000001        0x3 
 .data.uwTickPrio
                0x24000004        0x4 build/stm32h7xx_hal.o
                0x24000004                uwTickPrio
 .data.SystemD2Clock
                0x24000008        0x4 build/system_stm32h7xx.o
                0x24000008                SystemD2Clock
 .data.SystemCoreClock
                0x2400000c        0x4 build/system_stm32h7xx.o
                0x2400000c                SystemCoreClock
 .data.uxCriticalNesting
                0x24000010        0x4 build/port.o
 *(.RamFunc)
 *(.RamFunc*)
                0x24000014                        . = ALIGN (0x4)
                0x24000014                        _edata = .

.igot.plt       0x24000014        0x0 load address 0x0800882c
 .igot.plt      0x24000014        0x0 /usr/lib/gcc/arm-none-eabi/14.2.0/thumb/v7e-m+dp/hard/crtbegin.o
                0x24000014                        . = ALIGN (0x4)

.bss            0x24000014     0x4d40 load address 0x0800882c
                0x24000014                        _sbss = .
                0x24000014                        __bss_start__ = _sbss
 *(.bss)
 *(.bss*)
 .bss.completed.1
                0x24000014        0x1 /usr/lib/gcc/arm-none-eabi/14.2.0/thumb/v7e-m+dp/hard/crtbegin.o
 *fill*         0x24000015        0x3 
 .bss.object.0  0x24000018       0x18 /usr/lib/gcc/arm-none-eabi/14.2.0/thumb/v7e-m+dp/hard/crtbegin.o
 .bss.defaultTaskHandle
                0x24000030        0x4 build/main.o
                0x24000030                defaultTaskHandle
 .bss.huart2    0x24000034       0x94 build/main.o
                0x24000034                huart2
 .bss.huart1    0x240000c8       0x94 build/main.o
                0x240000c8                huart1
 .bss.hspi1     0x2400015c       0x88 build/main.o
                0x2400015c                hspi1
 .bss.hi2c2     0x240001e4       0x54 build/main.o
                0x240001e4                hi2c2
 .bss.hi2c1     0x24000238       0x54 build/main.o
                0x24000238                hi2c1
 .bss.hdma_dcmi
                0x2400028c       0x78 build/main.o
                0x2400028c                hdma_dcmi
 .bss.hdcmi     0x24000304       0x50 build/main.o
                0x24000304                hdcmi
 .bss.hadc1     0x24000354       0x64 build/main.o
                0x24000354                hadc1
 .bss.uwTick    0x240003b8        0x4 build/stm32h7xx_hal.o
                0x240003b8                uwTick
 .bss.htim6     0x240003bc       0x4c build/stm32h7xx_hal_timebase_tim.o
                0x240003bc                htim6
 .bss.xQueueRegistry
                0x24000408       0x40 build/queue.o
                0x24000408                xQueueRegistry
 .bss.uxSchedulerSuspended
                0x24000448        0x4 build/tasks.o
 .bss.xIdleTaskHandle
                0x2400044c        0x4 build/tasks.o
 .bss.xNextTaskUnblockTime
                0x24000450        0x4 build/tasks.o
 .bss.uxTaskNumber
                0x24000454        0x4 build/tasks.o
 .bss.xNumOfOverflows
                0x24000458        0x4 build/tasks.o
 .bss.xYieldPending
                0x2400045c        0x4 build/tasks.o
 .bss.xPendedTicks
                0x24000460        0x4 build/tasks.o
 .bss.xSchedulerRunning
                0x24000464        0x4 build/tasks.o
 .bss.uxTopReadyPriority
                0x24000468        0x4 build/tasks.o
 .bss.xTickCount
                0x2400046c        0x4 build/tasks.o
 .bss.uxCurrentNumberOfTasks
                0x24000470        0x4 build/tasks.o
 .bss.xSuspendedTaskList
                0x24000474       0x14 build/tasks.o
 .bss.uxDeletedTasksWaitingCleanUp
                0x24000488        0x4 build/tasks.o
 .bss.xTasksWaitingTermination
                0x2400048c       0x14 build/tasks.o
 .bss.xPendingReadyList
                0x240004a0       0x14 build/tasks.o
 .bss.pxOverflowDelayedTaskList
                0x240004b4        0x4 build/tasks.o
 .bss.pxDelayedTaskList
                0x240004b8        0x4 build/tasks.o
 .bss.xDelayedTaskList2
                0x240004bc       0x14 build/tasks.o
 .bss.xDelayedTaskList1
                0x240004d0       0x14 build/tasks.o
 .bss.pxReadyTasksLists
                0x240004e4      0x460 build/tasks.o
 .bss.pxCurrentTCB
                0x24000944        0x4 build/tasks.o
                0x24000944                pxCurrentTCB
 .bss.xStaticTimerQueue.0
                0x24000948       0x50 build/timers.o
 .bss.ucStaticTimerQueueStorage.1
                0x24000998       0xa0 build/timers.o
 .bss.xLastTime.2
                0x24000a38        0x4 build/timers.o
 .bss.xTimerTaskHandle
                0x24000a3c        0x4 build/timers.o
 .bss.xTimerQueue
                0x24000a40        0x4 build/timers.o
 .bss.pxOverflowTimerList
                0x24000a44        0x4 build/timers.o
 .bss.pxCurrentTimerList
                0x24000a48        0x4 build/timers.o
 .bss.xActiveTimerList2
                0x24000a4c       0x14 build/timers.o
 .bss.xActiveTimerList1
                0x24000a60       0x14 build/timers.o
 .bss.Timer_Stack.0
                0x24000a74      0x400 build/cmsis_os2.o
 .bss.Timer_TCB.1
                0x24000e74       0x5c build/cmsis_os2.o
 .bss.Idle_Stack.2
                0x24000ed0      0x200 build/cmsis_os2.o
 .bss.Idle_TCB.3
                0x240010d0       0x5c build/cmsis_os2.o
 .bss.KernelState
                0x2400112c        0x4 build/cmsis_os2.o
 .bss.xNumberOfSuccessfulFrees
                0x24001130        0x4 build/heap_4.o
 .bss.xNumberOfSuccessfulAllocations
                0x24001134        0x4 build/heap_4.o
 .bss.xMinimumEverFreeBytesRemaining
                0x24001138        0x4 build/heap_4.o
 .bss.xFreeBytesRemaining
                0x2400113c        0x4 build/heap_4.o
 .bss.pxEnd     0x24001140        0x4 build/heap_4.o
 .bss.xStart    0x24001144        0x8 build/heap_4.o
 .bss.ucHeap    0x2400114c     0x3c00 build/heap_4.o
 .bss.ulMaxPRIGROUPValue
                0x24004d4c        0x4 build/port.o
 .bss.ucMaxSysCallPriority
                0x24004d50        0x1 build/port.o
 *(COMMON)
                0x24004d54                        . = ALIGN (0x4)
 *fill*         0x24004d51        0x3 
                0x24004d54                        _ebss = .
                0x24004d54                        __bss_end__ = _ebss

._user_heap_stack
                0x20000000     0x1000
                0x20000000                        . = ALIGN (0x8)
                0x20000000                        PROVIDE (end = .)
                [!provide]                        PROVIDE (_end = .)
                0x20000800                        . = (. + _Min_Heap_Size)
 *fill*         0x20000000      0x800 
                0x20001000                        . = (. + _Min_Stack_Size)
 *fill*         0x20000800      0x800 
                0x20001000                        . = ALIGN (0x8)

/DISCARD/
 libc.a(*)
 libm.a(*)
 libgcc.a(*)
OUTPUT(build/IoT_Assist.elf elf32-littlearm)
LOAD linker stubs
LOAD /usr/lib/gcc/arm-none-eabi/14.2.0/../../../../arm-none-eabi/lib/thumb/v7e-m+dp/hard/libc.a
LOAD /usr/lib/gcc/arm-none-eabi/14.2.0/../../../../arm-none-eabi/lib/thumb/v7e-m+dp/hard/libm.a
LOAD /usr/lib/gcc/arm-none-eabi/14.2.0/thumb/v7e-m+dp/hard/libgcc.a

.ARM.attributes
                0x00000000       0x2e
 .ARM.attributes
                0x00000000       0x20 /usr/lib/gcc/arm-none-eabi/14.2.0/thumb/v7e-m+dp/hard/crti.o
 .ARM.attributes
                0x00000020       0x32 /usr/lib/gcc/arm-none-eabi/14.2.0/thumb/v7e-m+dp/hard/crtbegin.o
 .ARM.attributes
                0x00000052       0x32 build/main.o
 .ARM.attributes
                0x00000084       0x32 build/stm32h7xx_it.o
 .ARM.attributes
                0x000000b6       0x32 build/stm32h7xx_hal_msp.o
 .ARM.attributes
                0x000000e8       0x32 build/stm32h7xx_hal_adc.o
 .ARM.attributes
                0x0000011a       0x32 build/stm32h7xx_hal_adc_ex.o
 .ARM.attributes
                0x0000014c       0x32 build/stm32h7xx_hal_rcc.o
 .ARM.attributes
                0x0000017e       0x32 build/stm32h7xx_hal_rcc_ex.o
 .ARM.attributes
                0x000001b0       0x32 build/stm32h7xx_hal_gpio.o
 .ARM.attributes
                0x000001e2       0x32 build/stm32h7xx_hal_dma.o
 .ARM.attributes
                0x00000214       0x32 build/stm32h7xx_hal_pwr_ex.o
 .ARM.attributes
                0x00000246       0x32 build/stm32h7xx_hal_cortex.o
 .ARM.attributes
                0x00000278       0x32 build/stm32h7xx_hal.o
 .ARM.attributes
                0x000002aa       0x32 build/stm32h7xx_hal_i2c.o
 .ARM.attributes
                0x000002dc       0x32 build/stm32h7xx_hal_i2c_ex.o
 .ARM.attributes
                0x0000030e       0x32 build/stm32h7xx_hal_dcmi.o
 .ARM.attributes
                0x00000340       0x32 build/stm32h7xx_hal_spi.o
 .ARM.attributes
                0x00000372       0x32 build/stm32h7xx_hal_tim.o
 .ARM.attributes
                0x000003a4       0x32 build/stm32h7xx_hal_tim_ex.o
 .ARM.attributes
                0x000003d6       0x32 build/stm32h7xx_hal_uart.o
 .ARM.attributes
                0x00000408       0x32 build/stm32h7xx_hal_uart_ex.o
 .ARM.attributes
                0x0000043a       0x32 build/system_stm32h7xx.o
 .ARM.attributes
                0x0000046c       0x32 build/stm32h7xx_hal_timebase_tim.o
 .ARM.attributes
                0x0000049e       0x32 build/list.o
 .ARM.attributes
                0x000004d0       0x32 build/queue.o
 .ARM.attributes
                0x00000502       0x32 build/tasks.o
 .ARM.attributes
                0x00000534       0x32 build/timers.o
 .ARM.attributes
                0x00000566       0x32 build/cmsis_os2.o
 .ARM.attributes
                0x00000598       0x32 build/heap_4.o
 .ARM.attributes
                0x000005ca       0x32 build/port.o
 .ARM.attributes
                0x000005fc       0x21 build/startup_stm32h743xx.o
 .ARM.attributes
                0x0000061d       0x32 /usr/lib/gcc/arm-none-eabi/14.2.0/../../../../arm-none-eabi/lib/thumb/v7e-m+dp/hard/libc_nano.a(libc_a-memset.o)
 .ARM.attributes
                0x0000064f       0x32 /usr/lib/gcc/arm-none-eabi/14.2.0/../../../../arm-none-eabi/lib/thumb/v7e-m+dp/hard/libc_nano.a(libc_a-init.o)
 .ARM.attributes
                0x00000681       0x32 /usr/lib/gcc/arm-none-eabi/14.2.0/../../../../arm-none-eabi/lib/thumb/v7e-m+dp/hard/libc_nano.a(libc_a-memcpy-stub.o)
 .ARM.attributes
                0x000006b3       0x20 /usr/lib/gcc/arm-none-eabi/14.2.0/thumb/v7e-m+dp/hard/libgcc.a(_aeabi_uldivmod.o)
 .ARM.attributes
                0x000006d3       0x32 /usr/lib/gcc/arm-none-eabi/14.2.0/thumb/v7e-m+dp/hard/libgcc.a(_udivmoddi4.o)
 .ARM.attributes
                0x00000705       0x20 /usr/lib/gcc/arm-none-eabi/14.2.0/thumb/v7e-m+dp/hard/libgcc.a(_dvmd_tls.o)
 .ARM.attributes
                0x00000725       0x20 /usr/lib/gcc/arm-none-eabi/14.2.0/thumb/v7e-m+dp/hard/crtn.o

.comment        0x00000000       0x1e
 .comment       0x00000000       0x1e build/main.o
                                 0x1f (size before relaxing)
 .comment       0x0000001e       0x1f build/stm32h7xx_it.o
 .comment       0x0000001e       0x1f build/stm32h7xx_hal_msp.o
 .comment       0x0000001e       0x1f build/stm32h7xx_hal_adc.o
 .comment       0x0000001e       0x1f build/stm32h7xx_hal_adc_ex.o
 .comment       0x0000001e       0x1f build/stm32h7xx_hal_rcc.o
 .comment       0x0000001e       0x1f build/stm32h7xx_hal_rcc_ex.o
 .comment       0x0000001e       0x1f build/stm32h7xx_hal_gpio.o
 .comment       0x0000001e       0x1f build/stm32h7xx_hal_dma.o
 .comment       0x0000001e       0x1f build/stm32h7xx_hal_pwr_ex.o
 .comment       0x0000001e       0x1f build/stm32h7xx_hal_cortex.o
 .comment       0x0000001e       0x1f build/stm32h7xx_hal.o
 .comment       0x0000001e       0x1f build/stm32h7xx_hal_i2c.o
 .comment       0x0000001e       0x1f build/stm32h7xx_hal_i2c_ex.o
 .comment       0x0000001e       0x1f build/stm32h7xx_hal_dcmi.o
 .comment       0x0000001e       0x1f build/stm32h7xx_hal_spi.o
 .comment       0x0000001e       0x1f build/stm32h7xx_hal_tim.o
 .comment       0x0000001e       0x1f build/stm32h7xx_hal_tim_ex.o
 .comment       0x0000001e       0x1f build/stm32h7xx_hal_uart.o
 .comment       0x0000001e       0x1f build/stm32h7xx_hal_uart_ex.o
 .comment       0x0000001e       0x1f build/system_stm32h7xx.o
 .comment       0x0000001e       0x1f build/stm32h7xx_hal_timebase_tim.o
 .comment       0x0000001e       0x1f build/list.o
 .comment       0x0000001e       0x1f build/queue.o
 .comment       0x0000001e       0x1f build/tasks.o
 .comment       0x0000001e       0x1f build/timers.o
 .comment       0x0000001e       0x1f build/cmsis_os2.o
 .comment       0x0000001e       0x1f build/heap_4.o
 .comment       0x0000001e       0x1f build/port.o
 .comment       0x0000001e       0x1f /usr/lib/gcc/arm-none-eabi/14.2.0/../../../../arm-none-eabi/lib/thumb/v7e-m+dp/hard/libc_nano.a(libc_a-memset.o)
 .comment       0x0000001e       0x1f /usr/lib/gcc/arm-none-eabi/14.2.0/../../../../arm-none-eabi/lib/thumb/v7e-m+dp/hard/libc_nano.a(libc_a-init.o)
 .comment       0x0000001e       0x1f /usr/lib/gcc/arm-none-eabi/14.2.0/../../../../arm-none-eabi/lib/thumb/v7e-m+dp/hard/libc_nano.a(libc_a-memcpy-stub.o)
 .comment       0x0000001e       0x1f /usr/lib/gcc/arm-none-eabi/14.2.0/thumb/v7e-m+dp/hard/libgcc.a(_udivmoddi4.o)

.debug_info     0x00000000    0x3ec6b
 .debug_info    0x00000000     0x3df3 build/main.o
 .debug_info    0x00003df3      0x940 build/stm32h7xx_it.o
 .debug_info    0x00004733     0x2f02 build/stm32h7xx_hal_msp.o
 .debug_info    0x00007635     0x3368 build/stm32h7xx_hal_adc.o
 .debug_info    0x0000a99d     0x34f4 build/stm32h7xx_hal_adc_ex.o
 .debug_info    0x0000de91     0x141c build/stm32h7xx_hal_rcc.o
 .debug_info    0x0000f2ad     0x1d05 build/stm32h7xx_hal_rcc_ex.o
 .debug_info    0x00010fb2      0xef1 build/stm32h7xx_hal_gpio.o
 .debug_info    0x00011ea3     0x10d1 build/stm32h7xx_hal_dma.o
 .debug_info    0x00012f74     0x140c build/stm32h7xx_hal_pwr_ex.o
 .debug_info    0x00014380     0x158d build/stm32h7xx_hal_cortex.o
 .debug_info    0x0001590d     0x190a build/stm32h7xx_hal.o
 .debug_info    0x00017217     0x490e build/stm32h7xx_hal_i2c.o
 .debug_info    0x0001bb25      0xfee build/stm32h7xx_hal_i2c_ex.o
 .debug_info    0x0001cb13      0xf1f build/stm32h7xx_hal_dcmi.o
 .debug_info    0x0001da32     0x1d23 build/stm32h7xx_hal_spi.o
 .debug_info    0x0001f755     0x43a3 build/stm32h7xx_hal_tim.o
 .debug_info    0x00023af8     0x2165 build/stm32h7xx_hal_tim_ex.o
 .debug_info    0x00025c5d     0x6b21 build/stm32h7xx_hal_uart.o
 .debug_info    0x0002c77e     0x13fd build/stm32h7xx_hal_uart_ex.o
 .debug_info    0x0002db7b      0xfa5 build/system_stm32h7xx.o
 .debug_info    0x0002eb20     0x1306 build/stm32h7xx_hal_timebase_tim.o
 .debug_info    0x0002fe26      0x30f build/list.o
 .debug_info    0x00030135     0x2c80 build/queue.o
 .debug_info    0x00032db5     0x3890 build/tasks.o
 .debug_info    0x00036645     0x1d77 build/timers.o
 .debug_info    0x000383bc     0x5140 build/cmsis_os2.o
 .debug_info    0x0003d4fc      0x6de build/heap_4.o
 .debug_info    0x0003dbda      0x5f2 build/port.o
 .debug_info    0x0003e1cc       0x30 build/startup_stm32h743xx.o
 .debug_info    0x0003e1fc       0xe0 /usr/lib/gcc/arm-none-eabi/14.2.0/../../../../arm-none-eabi/lib/thumb/v7e-m+dp/hard/libc_nano.a(libc_a-memset.o)
 .debug_info    0x0003e2dc      0x10b /usr/lib/gcc/arm-none-eabi/14.2.0/../../../../arm-none-eabi/lib/thumb/v7e-m+dp/hard/libc_nano.a(libc_a-init.o)
 .debug_info    0x0003e3e7      0x121 /usr/lib/gcc/arm-none-eabi/14.2.0/../../../../arm-none-eabi/lib/thumb/v7e-m+dp/hard/libc_nano.a(libc_a-memcpy-stub.o)
 .debug_info    0x0003e508       0x24 /usr/lib/gcc/arm-none-eabi/14.2.0/thumb/v7e-m+dp/hard/libgcc.a(_aeabi_uldivmod.o)
 .debug_info    0x0003e52c      0x703 /usr/lib/gcc/arm-none-eabi/14.2.0/thumb/v7e-m+dp/hard/libgcc.a(_udivmoddi4.o)
 .debug_info    0x0003ec2f       0x3c /usr/lib/gcc/arm-none-eabi/14.2.0/thumb/v7e-m+dp/hard/libgcc.a(_dvmd_tls.o)

.debug_abbrev   0x00000000     0x5923
 .debug_abbrev  0x00000000      0x34d build/main.o
 .debug_abbrev  0x0000034d      0x17d build/stm32h7xx_it.o
 .debug_abbrev  0x000004ca      0x271 build/stm32h7xx_hal_msp.o
 .debug_abbrev  0x0000073b      0x388 build/stm32h7xx_hal_adc.o
 .debug_abbrev  0x00000ac3      0x432 build/stm32h7xx_hal_adc_ex.o
 .debug_abbrev  0x00000ef5      0x29b build/stm32h7xx_hal_rcc.o
 .debug_abbrev  0x00001190      0x285 build/stm32h7xx_hal_rcc_ex.o
 .debug_abbrev  0x00001415      0x25a build/stm32h7xx_hal_gpio.o
 .debug_abbrev  0x0000166f      0x2ee build/stm32h7xx_hal_dma.o
 .debug_abbrev  0x0000195d      0x2ca build/stm32h7xx_hal_pwr_ex.o
 .debug_abbrev  0x00001c27      0x3e6 build/stm32h7xx_hal_cortex.o
 .debug_abbrev  0x0000200d      0x2b1 build/stm32h7xx_hal.o
 .debug_abbrev  0x000022be      0x2e4 build/stm32h7xx_hal_i2c.o
 .debug_abbrev  0x000025a2      0x1c4 build/stm32h7xx_hal_i2c_ex.o
 .debug_abbrev  0x00002766      0x296 build/stm32h7xx_hal_dcmi.o
 .debug_abbrev  0x000029fc      0x312 build/stm32h7xx_hal_spi.o
 .debug_abbrev  0x00002d0e      0x2bd build/stm32h7xx_hal_tim.o
 .debug_abbrev  0x00002fcb      0x2b7 build/stm32h7xx_hal_tim_ex.o
 .debug_abbrev  0x00003282      0x39a build/stm32h7xx_hal_uart.o
 .debug_abbrev  0x0000361c      0x351 build/stm32h7xx_hal_uart_ex.o
 .debug_abbrev  0x0000396d      0x144 build/system_stm32h7xx.o
 .debug_abbrev  0x00003ab1      0x23c build/stm32h7xx_hal_timebase_tim.o
 .debug_abbrev  0x00003ced      0x124 build/list.o
 .debug_abbrev  0x00003e11      0x3ff build/queue.o
 .debug_abbrev  0x00004210      0x408 build/tasks.o
 .debug_abbrev  0x00004618      0x3d4 build/timers.o
 .debug_abbrev  0x000049ec      0x5ca build/cmsis_os2.o
 .debug_abbrev  0x00004fb6      0x2d5 build/heap_4.o
 .debug_abbrev  0x0000528b      0x2af build/port.o
 .debug_abbrev  0x0000553a       0x1d build/startup_stm32h743xx.o
 .debug_abbrev  0x00005557       0x9e /usr/lib/gcc/arm-none-eabi/14.2.0/../../../../arm-none-eabi/lib/thumb/v7e-m+dp/hard/libc_nano.a(libc_a-memset.o)
 .debug_abbrev  0x000055f5       0xc9 /usr/lib/gcc/arm-none-eabi/14.2.0/../../../../arm-none-eabi/lib/thumb/v7e-m+dp/hard/libc_nano.a(libc_a-init.o)
 .debug_abbrev  0x000056be       0xc1 /usr/lib/gcc/arm-none-eabi/14.2.0/../../../../arm-none-eabi/lib/thumb/v7e-m+dp/hard/libc_nano.a(libc_a-memcpy-stub.o)
 .debug_abbrev  0x0000577f       0x14 /usr/lib/gcc/arm-none-eabi/14.2.0/thumb/v7e-m+dp/hard/libgcc.a(_aeabi_uldivmod.o)
 .debug_abbrev  0x00005793      0x16a /usr/lib/gcc/arm-none-eabi/14.2.0/thumb/v7e-m+dp/hard/libgcc.a(_udivmoddi4.o)
 .debug_abbrev  0x000058fd       0x26 /usr/lib/gcc/arm-none-eabi/14.2.0/thumb/v7e-m+dp/hard/libgcc.a(_dvmd_tls.o)

.debug_loc      0x00000000    0x3064e
 .debug_loc     0x00000000      0x3f8 build/main.o
 .debug_loc     0x000003f8       0x40 build/stm32h7xx_it.o
 .debug_loc     0x00000438      0x568 build/stm32h7xx_hal_msp.o
 .debug_loc     0x000009a0     0x26c1 build/stm32h7xx_hal_adc.o
 .debug_loc     0x00003061     0x2e03 build/stm32h7xx_hal_adc_ex.o
 .debug_loc     0x00005e64      0xb18 build/stm32h7xx_hal_rcc.o
 .debug_loc     0x0000697c     0x20f9 build/stm32h7xx_hal_rcc_ex.o
 .debug_loc     0x00008a75      0x4b2 build/stm32h7xx_hal_gpio.o
 .debug_loc     0x00008f27     0x11c7 build/stm32h7xx_hal_dma.o
 .debug_loc     0x0000a0ee      0x6af build/stm32h7xx_hal_pwr_ex.o
 .debug_loc     0x0000a79d      0x898 build/stm32h7xx_hal_cortex.o
 .debug_loc     0x0000b035      0x58e build/stm32h7xx_hal.o
 .debug_loc     0x0000b5c3     0x656f build/stm32h7xx_hal_i2c.o
 .debug_loc     0x00011b32      0x243 build/stm32h7xx_hal_i2c_ex.o
 .debug_loc     0x00011d75      0x82c build/stm32h7xx_hal_dcmi.o
 .debug_loc     0x000125a1     0x1ec3 build/stm32h7xx_hal_spi.o
 .debug_loc     0x00014464     0x6833 build/stm32h7xx_hal_tim.o
 .debug_loc     0x0001ac97     0x2b87 build/stm32h7xx_hal_tim_ex.o
 .debug_loc     0x0001d81e     0x6716 build/stm32h7xx_hal_uart.o
 .debug_loc     0x00023f34      0xe75 build/stm32h7xx_hal_uart_ex.o
 .debug_loc     0x00024da9      0x1d8 build/system_stm32h7xx.o
 .debug_loc     0x00024f81       0xf3 build/stm32h7xx_hal_timebase_tim.o
 .debug_loc     0x00025074       0xeb build/list.o
 .debug_loc     0x0002515f     0x236d build/queue.o
 .debug_loc     0x000274cc     0x3344 build/tasks.o
 .debug_loc     0x0002a810     0x17a2 build/timers.o
 .debug_loc     0x0002bfb2     0x3f43 build/cmsis_os2.o
 .debug_loc     0x0002fef5      0x587 build/heap_4.o
 .debug_loc     0x0003047c      0x1d2 build/port.o

.debug_aranges  0x00000000     0x2160
 .debug_aranges
                0x00000000       0xa8 build/main.o
 .debug_aranges
                0x000000a8       0x58 build/stm32h7xx_it.o
 .debug_aranges
                0x00000100       0x70 build/stm32h7xx_hal_msp.o
 .debug_aranges
                0x00000170      0x120 build/stm32h7xx_hal_adc.o
 .debug_aranges
                0x00000290      0x130 build/stm32h7xx_hal_adc_ex.o
 .debug_aranges
                0x000003c0       0x88 build/stm32h7xx_hal_rcc.o
 .debug_aranges
                0x00000448       0xf8 build/stm32h7xx_hal_rcc_ex.o
 .debug_aranges
                0x00000540       0x58 build/stm32h7xx_hal_gpio.o
 .debug_aranges
                0x00000598       0xa0 build/stm32h7xx_hal_dma.o
 .debug_aranges
                0x00000638      0x158 build/stm32h7xx_hal_pwr_ex.o
 .debug_aranges
                0x00000790       0xf8 build/stm32h7xx_hal_cortex.o
 .debug_aranges
                0x00000888      0x198 build/stm32h7xx_hal.o
 .debug_aranges
                0x00000a20      0x2a0 build/stm32h7xx_hal_i2c.o
 .debug_aranges
                0x00000cc0       0x48 build/stm32h7xx_hal_i2c_ex.o
 .debug_aranges
                0x00000d08       0xc0 build/stm32h7xx_hal_dcmi.o
 .debug_aranges
                0x00000dc8      0x1a8 build/stm32h7xx_hal_spi.o
 .debug_aranges
                0x00000f70      0x3e0 build/stm32h7xx_hal_tim.o
 .debug_aranges
                0x00001350      0x188 build/stm32h7xx_hal_tim_ex.o
 .debug_aranges
                0x000014d8      0x248 build/stm32h7xx_hal_uart.o
 .debug_aranges
                0x00001720       0xa8 build/stm32h7xx_hal_uart_ex.o
 .debug_aranges
                0x000017c8       0x30 build/system_stm32h7xx.o
 .debug_aranges
                0x000017f8       0x30 build/stm32h7xx_hal_timebase_tim.o
 .debug_aranges
                0x00001828       0x40 build/list.o
 .debug_aranges
                0x00001868      0x170 build/queue.o
 .debug_aranges
                0x000019d8      0x210 build/tasks.o
 .debug_aranges
                0x00001be8      0x108 build/timers.o
 .debug_aranges
                0x00001cf0      0x2a8 build/cmsis_os2.o
 .debug_aranges
                0x00001f98       0x60 build/heap_4.o
 .debug_aranges
                0x00001ff8       0x80 build/port.o
 .debug_aranges
                0x00002078       0x28 build/startup_stm32h743xx.o
 .debug_aranges
                0x000020a0       0x20 /usr/lib/gcc/arm-none-eabi/14.2.0/../../../../arm-none-eabi/lib/thumb/v7e-m+dp/hard/libc_nano.a(libc_a-memset.o)
 .debug_aranges
                0x000020c0       0x20 /usr/lib/gcc/arm-none-eabi/14.2.0/../../../../arm-none-eabi/lib/thumb/v7e-m+dp/hard/libc_nano.a(libc_a-init.o)
 .debug_aranges
                0x000020e0       0x20 /usr/lib/gcc/arm-none-eabi/14.2.0/../../../../arm-none-eabi/lib/thumb/v7e-m+dp/hard/libc_nano.a(libc_a-memcpy-stub.o)
 .debug_aranges
                0x00002100       0x20 /usr/lib/gcc/arm-none-eabi/14.2.0/thumb/v7e-m+dp/hard/libgcc.a(_aeabi_uldivmod.o)
 .debug_aranges
                0x00002120       0x20 /usr/lib/gcc/arm-none-eabi/14.2.0/thumb/v7e-m+dp/hard/libgcc.a(_udivmoddi4.o)
 .debug_aranges
                0x00002140       0x20 /usr/lib/gcc/arm-none-eabi/14.2.0/thumb/v7e-m+dp/hard/libgcc.a(_dvmd_tls.o)

.debug_ranges   0x00000000     0x2670
 .debug_ranges  0x00000000       0x98 build/main.o
 .debug_ranges  0x00000098       0x48 build/stm32h7xx_it.o
 .debug_ranges  0x000000e0       0x60 build/stm32h7xx_hal_msp.o
 .debug_ranges  0x00000140      0x340 build/stm32h7xx_hal_adc.o
 .debug_ranges  0x00000480      0x1c8 build/stm32h7xx_hal_adc_ex.o
 .debug_ranges  0x00000648       0xe8 build/stm32h7xx_hal_rcc.o
 .debug_ranges  0x00000730       0xe8 build/stm32h7xx_hal_rcc_ex.o
 .debug_ranges  0x00000818       0x48 build/stm32h7xx_hal_gpio.o
 .debug_ranges  0x00000860       0xa8 build/stm32h7xx_hal_dma.o
 .debug_ranges  0x00000908      0x1a8 build/stm32h7xx_hal_pwr_ex.o
 .debug_ranges  0x00000ab0       0xe8 build/stm32h7xx_hal_cortex.o
 .debug_ranges  0x00000b98      0x188 build/stm32h7xx_hal.o
 .debug_ranges  0x00000d20      0x290 build/stm32h7xx_hal_i2c.o
 .debug_ranges  0x00000fb0       0x38 build/stm32h7xx_hal_i2c_ex.o
 .debug_ranges  0x00000fe8       0xb0 build/stm32h7xx_hal_dcmi.o
 .debug_ranges  0x00001098      0x198 build/stm32h7xx_hal_spi.o
 .debug_ranges  0x00001230      0x3d0 build/stm32h7xx_hal_tim.o
 .debug_ranges  0x00001600      0x178 build/stm32h7xx_hal_tim_ex.o
 .debug_ranges  0x00001778      0x250 build/stm32h7xx_hal_uart.o
 .debug_ranges  0x000019c8       0xb0 build/stm32h7xx_hal_uart_ex.o
 .debug_ranges  0x00001a78       0x20 build/system_stm32h7xx.o
 .debug_ranges  0x00001a98       0x20 build/stm32h7xx_hal_timebase_tim.o
 .debug_ranges  0x00001ab8       0x30 build/list.o
 .debug_ranges  0x00001ae8      0x278 build/queue.o
 .debug_ranges  0x00001d60      0x480 build/tasks.o
 .debug_ranges  0x000021e0       0xf8 build/timers.o
 .debug_ranges  0x000022d8      0x298 build/cmsis_os2.o
 .debug_ranges  0x00002570       0x50 build/heap_4.o
 .debug_ranges  0x000025c0       0x90 build/port.o
 .debug_ranges  0x00002650       0x20 build/startup_stm32h743xx.o

.debug_line     0x00000000    0x2bc39
 .debug_line    0x00000000      0xb14 build/main.o
 .debug_line    0x00000b14      0x200 build/stm32h7xx_it.o
 .debug_line    0x00000d14      0x879 build/stm32h7xx_hal_msp.o
 .debug_line    0x0000158d     0x24aa build/stm32h7xx_hal_adc.o
 .debug_line    0x00003a37     0x2209 build/stm32h7xx_hal_adc_ex.o
 .debug_line    0x00005c40     0x1349 build/stm32h7xx_hal_rcc.o
 .debug_line    0x00006f89     0x1f6e build/stm32h7xx_hal_rcc_ex.o
 .debug_line    0x00008ef7      0x6b9 build/stm32h7xx_hal_gpio.o
 .debug_line    0x000095b0     0x234d build/stm32h7xx_hal_dma.o
 .debug_line    0x0000b8fd      0xabc build/stm32h7xx_hal_pwr_ex.o
 .debug_line    0x0000c3b9      0x7cd build/stm32h7xx_hal_cortex.o
 .debug_line    0x0000cb86      0x884 build/stm32h7xx_hal.o
 .debug_line    0x0000d40a     0x4faf build/stm32h7xx_hal_i2c.o
 .debug_line    0x000123b9      0x367 build/stm32h7xx_hal_i2c_ex.o
 .debug_line    0x00012720      0xa53 build/stm32h7xx_hal_dcmi.o
 .debug_line    0x00013173     0x26fb build/stm32h7xx_hal_spi.o
 .debug_line    0x0001586e     0x4a64 build/stm32h7xx_hal_tim.o
 .debug_line    0x0001a2d2     0x1c1c build/stm32h7xx_hal_tim_ex.o
 .debug_line    0x0001beee     0x50fb build/stm32h7xx_hal_uart.o
 .debug_line    0x00020fe9      0xa06 build/stm32h7xx_hal_uart_ex.o
 .debug_line    0x000219ef      0x402 build/system_stm32h7xx.o
 .debug_line    0x00021df1      0x27d build/stm32h7xx_hal_timebase_tim.o
 .debug_line    0x0002206e      0x309 build/list.o
 .debug_line    0x00022377     0x1de9 build/queue.o
 .debug_line    0x00024160     0x2e17 build/tasks.o
 .debug_line    0x00026f77      0xd48 build/timers.o
 .debug_line    0x00027cbf     0x2863 build/cmsis_os2.o
 .debug_line    0x0002a522      0x709 build/heap_4.o
 .debug_line    0x0002ac2b      0x5f2 build/port.o
 .debug_line    0x0002b21d       0x74 build/startup_stm32h743xx.o
 .debug_line    0x0002b291      0x123 /usr/lib/gcc/arm-none-eabi/14.2.0/../../../../arm-none-eabi/lib/thumb/v7e-m+dp/hard/libc_nano.a(libc_a-memset.o)
 .debug_line    0x0002b3b4      0x115 /usr/lib/gcc/arm-none-eabi/14.2.0/../../../../arm-none-eabi/lib/thumb/v7e-m+dp/hard/libc_nano.a(libc_a-init.o)
 .debug_line    0x0002b4c9      0x191 /usr/lib/gcc/arm-none-eabi/14.2.0/../../../../arm-none-eabi/lib/thumb/v7e-m+dp/hard/libc_nano.a(libc_a-memcpy-stub.o)
 .debug_line    0x0002b65a       0x4e /usr/lib/gcc/arm-none-eabi/14.2.0/thumb/v7e-m+dp/hard/libgcc.a(_aeabi_uldivmod.o)
 .debug_line    0x0002b6a8      0x547 /usr/lib/gcc/arm-none-eabi/14.2.0/thumb/v7e-m+dp/hard/libgcc.a(_udivmoddi4.o)
 .debug_line    0x0002bbef       0x4a /usr/lib/gcc/arm-none-eabi/14.2.0/thumb/v7e-m+dp/hard/libgcc.a(_dvmd_tls.o)

.debug_str      0x00000000     0xc751
 .debug_str     0x00000000     0xc751 build/main.o
                               0x2b09 (size before relaxing)
 .debug_str     0x0000c751      0x8af build/stm32h7xx_it.o
 .debug_str     0x0000c751     0x207a build/stm32h7xx_hal_msp.o
 .debug_str     0x0000c751     0x1372 build/stm32h7xx_hal_adc.o
 .debug_str     0x0000c751     0x1473 build/stm32h7xx_hal_adc_ex.o
 .debug_str     0x0000c751      0xa0d build/stm32h7xx_hal_rcc.o
 .debug_str     0x0000c751      0xf18 build/stm32h7xx_hal_rcc_ex.o
 .debug_str     0x0000c751      0x6c7 build/stm32h7xx_hal_gpio.o
 .debug_str     0x0000c751      0x9be build/stm32h7xx_hal_dma.o
 .debug_str     0x0000c751      0xa43 build/stm32h7xx_hal_pwr_ex.o
 .debug_str     0x0000c751     0x107a build/stm32h7xx_hal_cortex.o
 .debug_str     0x0000c751     0x14ad build/stm32h7xx_hal.o
 .debug_str     0x0000c751     0x1179 build/stm32h7xx_hal_i2c.o
 .debug_str     0x0000c751      0xb1e build/stm32h7xx_hal_i2c_ex.o
 .debug_str     0x0000c751      0xa41 build/stm32h7xx_hal_dcmi.o
 .debug_str     0x0000c751      0xdc7 build/stm32h7xx_hal_spi.o
 .debug_str     0x0000c751     0x185c build/stm32h7xx_hal_tim.o
 .debug_str     0x0000c751     0x1184 build/stm32h7xx_hal_tim_ex.o
 .debug_str     0x0000c751     0x14a6 build/stm32h7xx_hal_uart.o
 .debug_str     0x0000c751      0xb9a build/stm32h7xx_hal_uart_ex.o
 .debug_str     0x0000c751      0x768 build/system_stm32h7xx.o
 .debug_str     0x0000c751     0x13fd build/stm32h7xx_hal_timebase_tim.o
 .debug_str     0x0000c751      0x2f3 build/list.o
 .debug_str     0x0000c751      0xdab build/queue.o
 .debug_str     0x0000c751     0x138e build/tasks.o
 .debug_str     0x0000c751      0xc70 build/timers.o
 .debug_str     0x0000c751     0x25e2 build/cmsis_os2.o
 .debug_str     0x0000c751      0x541 build/heap_4.o
 .debug_str     0x0000c751      0x489 build/port.o
 .debug_str     0x0000c751       0x7a build/startup_stm32h743xx.o
 .debug_str     0x0000c751      0x1c2 /usr/lib/gcc/arm-none-eabi/14.2.0/../../../../arm-none-eabi/lib/thumb/v7e-m+dp/hard/libc_nano.a(libc_a-memset.o)
 .debug_str     0x0000c751      0x223 /usr/lib/gcc/arm-none-eabi/14.2.0/../../../../arm-none-eabi/lib/thumb/v7e-m+dp/hard/libc_nano.a(libc_a-init.o)
 .debug_str     0x0000c751      0x1e0 /usr/lib/gcc/arm-none-eabi/14.2.0/../../../../arm-none-eabi/lib/thumb/v7e-m+dp/hard/libc_nano.a(libc_a-memcpy-stub.o)
 .debug_str     0x0000c751       0x9e /usr/lib/gcc/arm-none-eabi/14.2.0/thumb/v7e-m+dp/hard/libgcc.a(_aeabi_uldivmod.o)
 .debug_str     0x0000c751      0x6b9 /usr/lib/gcc/arm-none-eabi/14.2.0/thumb/v7e-m+dp/hard/libgcc.a(_udivmoddi4.o)
 .debug_str     0x0000c751       0xbe /usr/lib/gcc/arm-none-eabi/14.2.0/thumb/v7e-m+dp/hard/libgcc.a(_dvmd_tls.o)

.debug_frame    0x00000000     0x5e34
 .debug_frame   0x00000000      0x210 build/main.o
 .debug_frame   0x00000210       0xa0 build/stm32h7xx_it.o
 .debug_frame   0x000002b0      0x160 build/stm32h7xx_hal_msp.o
 .debug_frame   0x00000410      0x348 build/stm32h7xx_hal_adc.o
 .debug_frame   0x00000758      0x384 build/stm32h7xx_hal_adc_ex.o
 .debug_frame   0x00000adc      0x18c build/stm32h7xx_hal_rcc.o
 .debug_frame   0x00000c68      0x284 build/stm32h7xx_hal_rcc_ex.o
 .debug_frame   0x00000eec       0xd4 build/stm32h7xx_hal_gpio.o
 .debug_frame   0x00000fc0      0x1f8 build/stm32h7xx_hal_dma.o
 .debug_frame   0x000011b8      0x2f4 build/stm32h7xx_hal_pwr_ex.o
 .debug_frame   0x000014ac      0x214 build/stm32h7xx_hal_cortex.o
 .debug_frame   0x000016c0      0x360 build/stm32h7xx_hal.o
 .debug_frame   0x00001a20      0x988 build/stm32h7xx_hal_i2c.o
 .debug_frame   0x000023a8       0x80 build/stm32h7xx_hal_i2c_ex.o
 .debug_frame   0x00002428      0x1c0 build/stm32h7xx_hal_dcmi.o
 .debug_frame   0x000025e8      0x490 build/stm32h7xx_hal_spi.o
 .debug_frame   0x00002a78      0xb74 build/stm32h7xx_hal_tim.o
 .debug_frame   0x000035ec      0x494 build/stm32h7xx_hal_tim_ex.o
 .debug_frame   0x00003a80      0x688 build/stm32h7xx_hal_uart.o
 .debug_frame   0x00004108      0x1c8 build/stm32h7xx_hal_uart_ex.o
 .debug_frame   0x000042d0       0x50 build/system_stm32h7xx.o
 .debug_frame   0x00004320       0x50 build/stm32h7xx_hal_timebase_tim.o
 .debug_frame   0x00004370       0x70 build/list.o
 .debug_frame   0x000043e0      0x4a4 build/queue.o
 .debug_frame   0x00004884      0x6c8 build/tasks.o
 .debug_frame   0x00004f4c      0x33c build/timers.o
 .debug_frame   0x00005288      0x8d8 build/cmsis_os2.o
 .debug_frame   0x00005b60       0xec build/heap_4.o
 .debug_frame   0x00005c4c      0x114 build/port.o
 .debug_frame   0x00005d60       0x20 /usr/lib/gcc/arm-none-eabi/14.2.0/../../../../arm-none-eabi/lib/thumb/v7e-m+dp/hard/libc_nano.a(libc_a-memset.o)
 .debug_frame   0x00005d80       0x2c /usr/lib/gcc/arm-none-eabi/14.2.0/../../../../arm-none-eabi/lib/thumb/v7e-m+dp/hard/libc_nano.a(libc_a-init.o)
 .debug_frame   0x00005dac       0x28 /usr/lib/gcc/arm-none-eabi/14.2.0/../../../../arm-none-eabi/lib/thumb/v7e-m+dp/hard/libc_nano.a(libc_a-memcpy-stub.o)
 .debug_frame   0x00005dd4       0x2c /usr/lib/gcc/arm-none-eabi/14.2.0/thumb/v7e-m+dp/hard/libgcc.a(_aeabi_uldivmod.o)
 .debug_frame   0x00005e00       0x34 /usr/lib/gcc/arm-none-eabi/14.2.0/thumb/v7e-m+dp/hard/libgcc.a(_udivmoddi4.o)

.debug_loclists
                0x00000000      0xad2
 .debug_loclists
                0x00000000       0x4d /usr/lib/gcc/arm-none-eabi/14.2.0/../../../../arm-none-eabi/lib/thumb/v7e-m+dp/hard/libc_nano.a(libc_a-memset.o)
 .debug_loclists
                0x0000004d       0x54 /usr/lib/gcc/arm-none-eabi/14.2.0/../../../../arm-none-eabi/lib/thumb/v7e-m+dp/hard/libc_nano.a(libc_a-init.o)
 .debug_loclists
                0x000000a1       0xad /usr/lib/gcc/arm-none-eabi/14.2.0/../../../../arm-none-eabi/lib/thumb/v7e-m+dp/hard/libc_nano.a(libc_a-memcpy-stub.o)
 .debug_loclists
                0x0000014e      0x984 /usr/lib/gcc/arm-none-eabi/14.2.0/thumb/v7e-m+dp/hard/libgcc.a(_udivmoddi4.o)

.debug_rnglists
                0x00000000       0xac
 .debug_rnglists
                0x00000000       0x13 /usr/lib/gcc/arm-none-eabi/14.2.0/../../../../arm-none-eabi/lib/thumb/v7e-m+dp/hard/libc_nano.a(libc_a-memset.o)
 .debug_rnglists
                0x00000013       0x13 /usr/lib/gcc/arm-none-eabi/14.2.0/../../../../arm-none-eabi/lib/thumb/v7e-m+dp/hard/libc_nano.a(libc_a-init.o)
 .debug_rnglists
                0x00000026       0x13 /usr/lib/gcc/arm-none-eabi/14.2.0/../../../../arm-none-eabi/lib/thumb/v7e-m+dp/hard/libc_nano.a(libc_a-memcpy-stub.o)
 .debug_rnglists
                0x00000039       0x73 /usr/lib/gcc/arm-none-eabi/14.2.0/thumb/v7e-m+dp/hard/libgcc.a(_udivmoddi4.o)

.debug_line_str
                0x00000000       0x9e
 .debug_line_str
                0x00000000       0x9e /usr/lib/gcc/arm-none-eabi/14.2.0/thumb/v7e-m+dp/hard/libgcc.a(_aeabi_uldivmod.o)
                                 0x92 (size before relaxing)
 .debug_line_str
                0x0000009e       0x96 /usr/lib/gcc/arm-none-eabi/14.2.0/thumb/v7e-m+dp/hard/libgcc.a(_dvmd_tls.o)

Cross Reference Table

Symbol                                            File
ADC3_IRQHandler                                   build/startup_stm32h743xx.o
ADC_ConfigureBoostMode                            build/stm32h7xx_hal_adc.o
ADC_ConversionStop                                build/stm32h7xx_hal_adc.o
                                                  build/stm32h7xx_hal_adc_ex.o
ADC_DMAConvCplt                                   build/stm32h7xx_hal_adc.o
                                                  build/stm32h7xx_hal_adc_ex.o
ADC_DMAError                                      build/stm32h7xx_hal_adc.o
                                                  build/stm32h7xx_hal_adc_ex.o
ADC_DMAHalfConvCplt                               build/stm32h7xx_hal_adc.o
                                                  build/stm32h7xx_hal_adc_ex.o
ADC_Disable                                       build/stm32h7xx_hal_adc.o
                                                  build/stm32h7xx_hal_adc_ex.o
ADC_Enable                                        build/stm32h7xx_hal_adc.o
                                                  build/stm32h7xx_hal_adc_ex.o
ADC_IRQHandler                                    build/startup_stm32h743xx.o
BDMA_Channel0_IRQHandler                          build/startup_stm32h743xx.o
BDMA_Channel1_IRQHandler                          build/startup_stm32h743xx.o
BDMA_Channel2_IRQHandler                          build/startup_stm32h743xx.o
BDMA_Channel3_IRQHandler                          build/startup_stm32h743xx.o
BDMA_Channel4_IRQHandler                          build/startup_stm32h743xx.o
BDMA_Channel5_IRQHandler                          build/startup_stm32h743xx.o
BDMA_Channel6_IRQHandler                          build/startup_stm32h743xx.o
BDMA_Channel7_IRQHandler                          build/startup_stm32h743xx.o
BusFault_Handler                                  build/stm32h7xx_it.o
CEC_IRQHandler                                    build/startup_stm32h743xx.o
COMP1_IRQHandler                                  build/startup_stm32h743xx.o
CRS_IRQHandler                                    build/startup_stm32h743xx.o
D1CorePrescTable                                  build/system_stm32h7xx.o
                                                  build/stm32h7xx_hal.o
                                                  build/stm32h7xx_hal_rcc_ex.o
                                                  build/stm32h7xx_hal_rcc.o
DCMI_IRQHandler                                   build/startup_stm32h743xx.o
DFSDM1_FLT0_IRQHandler                            build/startup_stm32h743xx.o
DFSDM1_FLT1_IRQHandler                            build/startup_stm32h743xx.o
DFSDM1_FLT2_IRQHandler                            build/startup_stm32h743xx.o
DFSDM1_FLT3_IRQHandler                            build/startup_stm32h743xx.o
DMA1_Stream0_IRQHandler                           build/startup_stm32h743xx.o
DMA1_Stream1_IRQHandler                           build/stm32h7xx_it.o
DMA1_Stream2_IRQHandler                           build/startup_stm32h743xx.o
DMA1_Stream3_IRQHandler                           build/startup_stm32h743xx.o
DMA1_Stream4_IRQHandler                           build/startup_stm32h743xx.o
DMA1_Stream5_IRQHandler                           build/startup_stm32h743xx.o
DMA1_Stream6_IRQHandler                           build/startup_stm32h743xx.o
DMA1_Stream7_IRQHandler                           build/startup_stm32h743xx.o
DMA2D_IRQHandler                                  build/startup_stm32h743xx.o
DMA2_Stream0_IRQHandler                           build/startup_stm32h743xx.o
DMA2_Stream1_IRQHandler                           build/startup_stm32h743xx.o
DMA2_Stream2_IRQHandler                           build/startup_stm32h743xx.o
DMA2_Stream3_IRQHandler                           build/startup_stm32h743xx.o
DMA2_Stream4_IRQHandler                           build/startup_stm32h743xx.o
DMA2_Stream5_IRQHandler                           build/startup_stm32h743xx.o
DMA2_Stream6_IRQHandler                           build/startup_stm32h743xx.o
DMA2_Stream7_IRQHandler                           build/startup_stm32h743xx.o
DMAMUX1_OVR_IRQHandler                            build/startup_stm32h743xx.o
DMAMUX2_OVR_IRQHandler                            build/startup_stm32h743xx.o
DebugMon_Handler                                  build/stm32h7xx_it.o
Default_Handler                                   build/startup_stm32h743xx.o
ECC_IRQHandler                                    build/startup_stm32h743xx.o
ETH_IRQHandler                                    build/startup_stm32h743xx.o
ETH_WKUP_IRQHandler                               build/startup_stm32h743xx.o
EXTI0_IRQHandler                                  build/startup_stm32h743xx.o
EXTI15_10_IRQHandler                              build/startup_stm32h743xx.o
EXTI1_IRQHandler                                  build/startup_stm32h743xx.o
EXTI2_IRQHandler                                  build/startup_stm32h743xx.o
EXTI3_IRQHandler                                  build/startup_stm32h743xx.o
EXTI4_IRQHandler                                  build/startup_stm32h743xx.o
EXTI9_5_IRQHandler                                build/startup_stm32h743xx.o
Error_Handler                                     build/main.o
                                                  build/stm32h7xx_hal_msp.o
ExitRun0Mode                                      build/system_stm32h7xx.o
                                                  build/startup_stm32h743xx.o
FDCAN1_IT0_IRQHandler                             build/startup_stm32h743xx.o
FDCAN1_IT1_IRQHandler                             build/startup_stm32h743xx.o
FDCAN2_IT0_IRQHandler                             build/startup_stm32h743xx.o
FDCAN2_IT1_IRQHandler                             build/startup_stm32h743xx.o
FDCAN_CAL_IRQHandler                              build/startup_stm32h743xx.o
FLASH_CRC_WaitForLastOperation                    build/stm32h7xx_hal_flash.o
                                                  build/stm32h7xx_hal_flash_ex.o
FLASH_Erase_Sector                                build/stm32h7xx_hal_flash_ex.o
                                                  build/stm32h7xx_hal_flash.o
FLASH_IRQHandler                                  build/startup_stm32h743xx.o
FLASH_OB_WaitForLastOperation                     build/stm32h7xx_hal_flash.o
                                                  build/stm32h7xx_hal_flash_ex.o
FLASH_WaitForLastOperation                        build/stm32h7xx_hal_flash.o
                                                  build/stm32h7xx_hal_flash_ex.o
FMC_IRQHandler                                    build/startup_stm32h743xx.o
FPU_IRQHandler                                    build/startup_stm32h743xx.o
HAL_ADCEx_Calibration_GetValue                    build/stm32h7xx_hal_adc_ex.o
HAL_ADCEx_Calibration_SetValue                    build/stm32h7xx_hal_adc_ex.o
HAL_ADCEx_Calibration_Start                       build/stm32h7xx_hal_adc_ex.o
HAL_ADCEx_DisableInjectedQueue                    build/stm32h7xx_hal_adc_ex.o
HAL_ADCEx_DisableVoltageRegulator                 build/stm32h7xx_hal_adc_ex.o
HAL_ADCEx_EnableInjectedQueue                     build/stm32h7xx_hal_adc_ex.o
HAL_ADCEx_EndOfSamplingCallback                   build/stm32h7xx_hal_adc_ex.o
                                                  build/stm32h7xx_hal_adc.o
HAL_ADCEx_EnterADCDeepPowerDownMode               build/stm32h7xx_hal_adc_ex.o
HAL_ADCEx_InjectedConfigChannel                   build/stm32h7xx_hal_adc_ex.o
HAL_ADCEx_InjectedConvCpltCallback                build/stm32h7xx_hal_adc_ex.o
                                                  build/stm32h7xx_hal_adc.o
HAL_ADCEx_InjectedGetValue                        build/stm32h7xx_hal_adc_ex.o
HAL_ADCEx_InjectedPollForConversion               build/stm32h7xx_hal_adc_ex.o
HAL_ADCEx_InjectedQueueOverflowCallback           build/stm32h7xx_hal_adc_ex.o
                                                  build/stm32h7xx_hal_adc.o
HAL_ADCEx_InjectedStart                           build/stm32h7xx_hal_adc_ex.o
HAL_ADCEx_InjectedStart_IT                        build/stm32h7xx_hal_adc_ex.o
HAL_ADCEx_InjectedStop                            build/stm32h7xx_hal_adc_ex.o
HAL_ADCEx_InjectedStop_IT                         build/stm32h7xx_hal_adc_ex.o
HAL_ADCEx_LevelOutOfWindow2Callback               build/stm32h7xx_hal_adc_ex.o
                                                  build/stm32h7xx_hal_adc.o
HAL_ADCEx_LevelOutOfWindow3Callback               build/stm32h7xx_hal_adc_ex.o
                                                  build/stm32h7xx_hal_adc.o
HAL_ADCEx_LinearCalibration_FactorLoad            build/stm32h7xx_hal_adc_ex.o
HAL_ADCEx_LinearCalibration_GetValue              build/stm32h7xx_hal_adc_ex.o
HAL_ADCEx_LinearCalibration_SetValue              build/stm32h7xx_hal_adc_ex.o
HAL_ADCEx_MultiModeConfigChannel                  build/stm32h7xx_hal_adc_ex.o
                                                  build/main.o
HAL_ADCEx_MultiModeGetValue                       build/stm32h7xx_hal_adc_ex.o
HAL_ADCEx_MultiModeStart_DMA                      build/stm32h7xx_hal_adc_ex.o
HAL_ADCEx_MultiModeStop_DMA                       build/stm32h7xx_hal_adc_ex.o
HAL_ADCEx_RegularMultiModeStop_DMA                build/stm32h7xx_hal_adc_ex.o
HAL_ADCEx_RegularStop                             build/stm32h7xx_hal_adc_ex.o
HAL_ADCEx_RegularStop_DMA                         build/stm32h7xx_hal_adc_ex.o
HAL_ADCEx_RegularStop_IT                          build/stm32h7xx_hal_adc_ex.o
HAL_ADC_AnalogWDGConfig                           build/stm32h7xx_hal_adc.o
HAL_ADC_ConfigChannel                             build/stm32h7xx_hal_adc.o
                                                  build/main.o
HAL_ADC_ConvCpltCallback                          build/stm32h7xx_hal_adc.o
HAL_ADC_ConvHalfCpltCallback                      build/stm32h7xx_hal_adc.o
HAL_ADC_DeInit                                    build/stm32h7xx_hal_adc.o
HAL_ADC_ErrorCallback                             build/stm32h7xx_hal_adc.o
HAL_ADC_GetError                                  build/stm32h7xx_hal_adc.o
HAL_ADC_GetState                                  build/stm32h7xx_hal_adc.o
HAL_ADC_GetValue                                  build/stm32h7xx_hal_adc.o
HAL_ADC_IRQHandler                                build/stm32h7xx_hal_adc.o
HAL_ADC_Init                                      build/stm32h7xx_hal_adc.o
                                                  build/main.o
HAL_ADC_LevelOutOfWindowCallback                  build/stm32h7xx_hal_adc.o
HAL_ADC_MspDeInit                                 build/stm32h7xx_hal_msp.o
HAL_ADC_MspInit                                   build/stm32h7xx_hal_msp.o
HAL_ADC_PollForConversion                         build/stm32h7xx_hal_adc.o
HAL_ADC_PollForEvent                              build/stm32h7xx_hal_adc.o
HAL_ADC_Start                                     build/stm32h7xx_hal_adc.o
HAL_ADC_Start_DMA                                 build/stm32h7xx_hal_adc.o
HAL_ADC_Start_IT                                  build/stm32h7xx_hal_adc.o
HAL_ADC_Stop                                      build/stm32h7xx_hal_adc.o
HAL_ADC_Stop_DMA                                  build/stm32h7xx_hal_adc.o
HAL_ADC_Stop_IT                                   build/stm32h7xx_hal_adc.o
HAL_DBGMCU_DisableDBGSleepMode                    build/stm32h7xx_hal.o
HAL_DBGMCU_DisableDBGStandbyMode                  build/stm32h7xx_hal.o
HAL_DBGMCU_DisableDBGStopMode                     build/stm32h7xx_hal.o
HAL_DBGMCU_EnableDBGSleepMode                     build/stm32h7xx_hal.o
HAL_DBGMCU_EnableDBGStandbyMode                   build/stm32h7xx_hal.o
HAL_DBGMCU_EnableDBGStopMode                      build/stm32h7xx_hal.o
HAL_DCMI_ConfigCrop                               build/stm32h7xx_hal_dcmi.o
HAL_DCMI_ConfigSyncUnmask                         build/stm32h7xx_hal_dcmi.o
HAL_DCMI_DeInit                                   build/stm32h7xx_hal_dcmi.o
HAL_DCMI_DisableCrop                              build/stm32h7xx_hal_dcmi.o
HAL_DCMI_EnableCrop                               build/stm32h7xx_hal_dcmi.o
HAL_DCMI_ErrorCallback                            build/stm32h7xx_hal_dcmi.o
HAL_DCMI_FrameEventCallback                       build/stm32h7xx_hal_dcmi.o
HAL_DCMI_GetError                                 build/stm32h7xx_hal_dcmi.o
HAL_DCMI_GetState                                 build/stm32h7xx_hal_dcmi.o
HAL_DCMI_IRQHandler                               build/stm32h7xx_hal_dcmi.o
HAL_DCMI_Init                                     build/stm32h7xx_hal_dcmi.o
                                                  build/main.o
HAL_DCMI_LineEventCallback                        build/stm32h7xx_hal_dcmi.o
HAL_DCMI_MspDeInit                                build/stm32h7xx_hal_msp.o
HAL_DCMI_MspInit                                  build/stm32h7xx_hal_msp.o
HAL_DCMI_Resume                                   build/stm32h7xx_hal_dcmi.o
HAL_DCMI_Start_DMA                                build/stm32h7xx_hal_dcmi.o
HAL_DCMI_Stop                                     build/stm32h7xx_hal_dcmi.o
HAL_DCMI_Suspend                                  build/stm32h7xx_hal_dcmi.o
HAL_DCMI_VsyncEventCallback                       build/stm32h7xx_hal_dcmi.o
HAL_DMAEx_ChangeMemory                            build/stm32h7xx_hal_dma_ex.o
                                                  build/stm32h7xx_hal_dcmi.o
HAL_DMAEx_ConfigMuxRequestGenerator               build/stm32h7xx_hal_dma_ex.o
HAL_DMAEx_ConfigMuxSync                           build/stm32h7xx_hal_dma_ex.o
HAL_DMAEx_DisableMuxRequestGenerator              build/stm32h7xx_hal_dma_ex.o
HAL_DMAEx_EnableMuxRequestGenerator               build/stm32h7xx_hal_dma_ex.o
HAL_DMAEx_MUX_IRQHandler                          build/stm32h7xx_hal_dma_ex.o
HAL_DMAEx_MultiBufferStart                        build/stm32h7xx_hal_dma_ex.o
HAL_DMAEx_MultiBufferStart_IT                     build/stm32h7xx_hal_dma_ex.o
                                                  build/stm32h7xx_hal_dcmi.o
HAL_DMA_Abort                                     build/stm32h7xx_hal_dma.o
                                                  build/stm32h7xx_hal_uart.o
                                                  build/stm32h7xx_hal_spi.o
                                                  build/stm32h7xx_hal_dcmi.o
                                                  build/stm32h7xx_hal_adc_ex.o
                                                  build/stm32h7xx_hal_adc.o
HAL_DMA_Abort_IT                                  build/stm32h7xx_hal_dma.o
                                                  build/stm32h7xx_hal_uart.o
                                                  build/stm32h7xx_hal_tim_ex.o
                                                  build/stm32h7xx_hal_tim.o
                                                  build/stm32h7xx_hal_spi.o
                                                  build/stm32h7xx_hal_dcmi.o
                                                  build/stm32h7xx_hal_i2c.o
HAL_DMA_DeInit                                    build/stm32h7xx_hal_dma.o
                                                  build/stm32h7xx_hal_msp.o
HAL_DMA_GetError                                  build/stm32h7xx_hal_dma.o
                                                  build/stm32h7xx_hal_uart.o
                                                  build/stm32h7xx_hal_spi.o
                                                  build/stm32h7xx_hal_i2c.o
HAL_DMA_GetState                                  build/stm32h7xx_hal_dma.o
                                                  build/stm32h7xx_hal_i2c.o
HAL_DMA_IRQHandler                                build/stm32h7xx_hal_dma.o
                                                  build/stm32h7xx_it.o